Archive member included to satisfy reference by file (symbol)

C:/Users/Hugo/Documents/NDS_BritGame/nflib/lib\libnflib.a(nf_2d.o)
                              main.o (NF_Set2D)
C:/Users/Hugo/Documents/NDS_BritGame/nflib/lib\libnflib.a(nf_basic.o)
                              C:/Users/Hugo/Documents/NDS_BritGame/nflib/lib\libnflib.a(nf_2d.o) (NF_Error)
C:/Users/Hugo/Documents/NDS_BritGame/nflib/lib\libnflib.a(nf_sound.o)
                              main.o (NF_InitRawSoundBuffers)
C:/Users/Hugo/Documents/NDS_BritGame/nflib/lib\libnflib.a(nf_sprite256.o)
                              C:/Users/Hugo/Documents/NDS_BritGame/nflib/lib\libnflib.a(nf_2d.o) (NF_BUFFER_SPR256GFX)
C:/Users/Hugo/Documents/NDS_BritGame/nflib/lib\libnflib.a(nf_text.o)
                              main.o (NF_InitTextSys)
C:/Users/Hugo/Documents/NDS_BritGame/nflib/lib\libnflib.a(nf_tiledbg.o)
                              main.o (NF_InitTiledBgBuffers)
C:/devkitPro/libnds/lib\libfilesystem.a(nitrofs.o)
                              C:/Users/Hugo/Documents/NDS_BritGame/nflib/lib\libnflib.a(nf_basic.o) (nitroFSInit)
C:/devkitPro/libnds/lib\libfat.a(libfat.o)
                              C:/Users/Hugo/Documents/NDS_BritGame/nflib/lib\libnflib.a(nf_basic.o) (fatInitDefault)
C:/devkitPro/libnds/lib\libfat.a(disc.o)
                              C:/devkitPro/libnds/lib\libfat.a(libfat.o) (_FAT_disc_interfaces)
C:/devkitPro/libnds/lib\libfat.a(fatfile.o)
                              C:/devkitPro/libnds/lib\libfat.a(libfat.o) (_FAT_open_r)
C:/devkitPro/libnds/lib\libfat.a(cache.o)
                              C:/devkitPro/libnds/lib\libfat.a(fatfile.o) (_FAT_cache_readSectors)
C:/devkitPro/libnds/lib\libfat.a(fatdir.o)
                              C:/devkitPro/libnds/lib\libfat.a(libfat.o) (_FAT_stat_r)
C:/devkitPro/libnds/lib\libfat.a(directory.o)
                              C:/devkitPro/libnds/lib\libfat.a(fatfile.o) (_FAT_directory_entryGetCluster)
C:/devkitPro/libnds/lib\libfat.a(partition.o)
                              C:/devkitPro/libnds/lib\libfat.a(libfat.o) (_FAT_partition_destructor)
C:/devkitPro/libnds/lib\libfat.a(lock.o)
                              C:/devkitPro/libnds/lib\libfat.a(partition.o) (_FAT_lock_init)
C:/devkitPro/libnds/lib\libfat.a(filetime.o)
                              C:/devkitPro/libnds/lib\libfat.a(fatfile.o) (_FAT_filetime_getTimeFromRTC)
C:/devkitPro/libnds/lib\libfat.a(file_allocation_table.o)
                              C:/devkitPro/libnds/lib\libfat.a(fatfile.o) (_FAT_fat_nextCluster)
C:/devkitPro/libnds/lib\libnds9.a(video.o)
                              C:/Users/Hugo/Documents/NDS_BritGame/nflib/lib\libnflib.a(nf_basic.o) (setBrightness)
C:/devkitPro/libnds/lib\libnds9.a(console.o)
                              main.o (consoleDemoInit)
C:/devkitPro/libnds/lib\libnds9.a(sprite.o)
                              C:/Users/Hugo/Documents/NDS_BritGame/nflib/lib\libnflib.a(nf_sprite256.o) (oamInit)
C:/devkitPro/libnds/lib\libnds9.a(sound.o)
                              main.o (soundEnable)
C:/devkitPro/libnds/lib\libnds9.a(keys.o)
                              main.o (scanKeys)
C:/devkitPro/libnds/lib\libnds9.a(dldi.o)
                              C:/devkitPro/libnds/lib\libfat.a(disc.o) (dldiGetInternal)
C:/devkitPro/libnds/lib\libnds9.a(initSystem.o)
                              c:/devkitpro/devkitarm/bin/../lib/gcc/arm-none-eabi/10.2.0/../../../../arm-none-eabi/lib/thumb/ds_arm9_crt0.o (initSystem)
C:/devkitPro/libnds/lib\libnds9.a(timeSupport.o)
                              C:/devkitPro/libnds/lib\libnds9.a(initSystem.o) (__libnds_gtod)
C:/devkitPro/libnds/lib\libnds9.a(securearea.o)
                              c:/devkitpro/devkitarm/bin/../lib/gcc/arm-none-eabi/10.2.0/../../../../arm-none-eabi/lib/thumb/ds_arm9_crt0.o (__secure_area__)
C:/devkitPro/libnds/lib\libnds9.a(interrupts.o)
                              C:/devkitPro/libnds/lib\libnds9.a(initSystem.o) (irqInit)
C:/devkitPro/libnds/lib\libnds9.a(libnds_exit.arm.o)
                              c:/devkitpro/devkitarm/bin/../lib/gcc/arm-none-eabi/10.2.0/../../../../arm-none-eabi/lib/thumb/ds_arm9_crt0.o (__libnds_exit)
C:/devkitPro/libnds/lib\libnds9.a(card.o)
                              C:/devkitPro/libnds/lib\libfilesystem.a(nitrofs.o) (cardParamCommand)
C:/devkitPro/libnds/lib\libnds9.a(fifosystem.o)
                              C:/devkitPro/libnds/lib\libnds9.a(initSystem.o) (fifoSetValue32Handler)
C:/devkitPro/libnds/lib\libnds9.a(dcache.o)
                              C:/Users/Hugo/Documents/NDS_BritGame/nflib/lib\libnflib.a(nf_basic.o) (DC_FlushRange)
C:/devkitPro/libnds/lib\libnds9.a(dldi_stub.o)
                              C:/devkitPro/libnds/lib\libnds9.a(dldi.o) (_io_dldi_stub)
C:/devkitPro/libnds/lib\libnds9.a(mpu_setup.o)
[...]
Memory Configuration

Name             Origin             Length             Attributes
ewram            0x0000000002000000 0x0000000000380000
dtcm             0x0000000002ff0000 0x0000000000004000
vectors          0x0000000001000000 0x0000000000000100
itcm             0x0000000001000100 0x0000000000007f00
*default*        0x0000000000000000 0xffffffffffffffff

Linker script and memory map

                0x0000000002380000                __ewram_end = (ORIGIN (ewram) + LENGTH (ewram))
                0x0000000002380000                __eheap_end = (ORIGIN (ewram) + LENGTH (ewram))
                0x0000000002ff4000                __dtcm_top = (ORIGIN (dtcm) + LENGTH (dtcm))
                0x0000000002ff3ff8                __irq_flags = (__dtcm_top - 0x8)
                0x0000000002ff3ffc                __irq_vector = (__dtcm_top - 0x4)
                0x0000000002ff3f00                __sp_svc = (__dtcm_top - 0x100)
                0x0000000002ff3e00                __sp_irq = (__sp_svc - 0x100)
                0x0000000002ff3d00                __sp_usr = (__sp_irq - 0x100)

.secure         0x0000000002000000      0x800
 *(.secure)
 .secure        0x0000000002000000      0x800 C:/devkitPro/libnds/lib\libnds9.a(securearea.o)
                0x0000000002000000                __secure_area__

.crt0           0x0000000002000800      0x300
                0x0000000002000800                __text_start = .
 *(.crt0)
 .crt0          0x0000000002000800      0x300 c:/devkitpro/devkitarm/bin/../lib/gcc/arm-none-eabi/10.2.0/../../../../arm-none-eabi/lib/thumb/ds_arm9_crt0.o
                0x0000000002000800                _start
                0x0000000002000b00                . = ALIGN (0x4)

.plt
 *(.plt)

.init           0x0000000002000b00        0xc
 *(SORT_NONE(.init))
 .init          0x0000000002000b00        0x4 c:/devkitpro/devkitarm/bin/../lib/gcc/arm-none-eabi/10.2.0/thumb/crti.o
                0x0000000002000b00                _init
 .init          0x0000000002000b04        0x8 c:/devkitpro/devkitarm/bin/../lib/gcc/arm-none-eabi/10.2.0/thumb/crtn.o

.text           0x0000000002000b40    0x1cd10
 *(EXCLUDE_FILE(*.twl* *.vectors* *.itcm*) .text)
 .text          0x0000000002000b40      0x874 C:/Users/Hugo/Documents/NDS_BritGame/nflib/lib\libnflib.a(nf_2d.o)
                0x0000000002000b40                NF_Set2D
                0x0000000002000ba8                NF_ShowBg
                0x0000000002000c24                NF_HideBg
                0x0000000002000cc8                NF_ScrollBg
                0x0000000002001018                NF_MoveSprite
                0x0000000002001038                NF_SpriteLayer
                0x0000000002001054                NF_ShowSprite
                0x0000000002001074                NF_HflipSprite
                0x0000000002001090                NF_GetSpriteHflip
                0x00000000020010ac                NF_VflipSprite
                0x00000000020010c8                NF_GetSpriteVflip
                0x00000000020010e4                NF_SpriteFrame
                0x00000000020011b4                NF_EnableSpriteRotScale
                0x0000000002001248                NF_DisableSpriteRotScale
                0x00000000020012bc                NF_SpriteRotScale
 .text          0x00000000020013b4      0x4a0 C:/Users/Hugo/Documents/NDS_BritGame/nflib/lib\libnflib.a(nf_basic.o)
                0x00000000020013b4                NF_Error
                0x0000000002001660                NF_SetRootFolder
                0x00000000020017b8                NF_DmaMemCopy
                0x0000000002001844                NF_GetLanguage
 .text          0x0000000002001854      0x294 C:/Users/Hugo/Documents/NDS_BritGame/nflib/lib\libnflib.a(nf_sound.o)
                0x0000000002001854                NF_InitRawSoundBuffers
                0x0000000002001880                NF_ResetRawSoundBuffers
                0x00000000020018b8                NF_LoadRawSound
                0x00000000020019f8                NF_UnloadRawSound
                0x0000000002001a68                NF_PlayRawSound
 .text          0x0000000002001ae8      0x844 C:/Users/Hugo/Documents/NDS_BritGame/nflib/lib\libnflib.a(nf_text.o)
                0x0000000002001ae8                NF_InitTextSys
                0x0000000002001b1c                NF_LoadTextFont
                0x0000000002001d70                NF_UnloadTextFont
                0x0000000002001d78                NF_CreateTextLayer
                0x0000000002001e0c                NF_DeleteTextLayer
                0x0000000002001e64                NF_WriteText
                0x00000000020021bc                NF_UpdateTextLayers
                0x0000000002002204                NF_ClearTextLayer
                0x000000000200226c                NF_DefineTextColor
                0x0000000002002310                NF_SetTextColor
 .text          0x000000000200232c     0x19fc C:/Users/Hugo/Documents/NDS_BritGame/nflib/lib\libnflib.a(nf_tiledbg.o)
                0x000000000200232c                NF_InitTiledBgBuffers
                0x00000000020023c8                NF_ResetTiledBgBuffers
                0x000000000200242c                NF_InitTiledBgSys
                0x000000000200255c                NF_LoadTiledBg
                0x00000000020027dc                NF_LoadTilesForBg
                0x0000000002002a58                NF_UnloadTiledBg
                0x0000000002002b10                NF_DeleteTiledBg
                0x0000000002002cb8                NF_CreateTiledBg
                0x00000000020032e0                NF_GetTileMapAddress
                0x000000000200339c                NF_GetTileOfMap
                0x00000000020033d4                NF_SetTileOfMap
                0x0000000002003418                NF_UpdateVramMap
                0x0000000002003538                NF_BgSetPalColor
                0x00000000020035e8                NF_BgEditPalColor
                0x000000000200368c                NF_BgUpdatePalette
                0x000000000200374c                NF_BgGetPalColor
                0x00000000020037e4                NF_GetTilePal
                0x0000000002003818                NF_SetTilePal
                0x0000000002003860                NF_LoadExBgPal
                0x000000000200394c                NF_UnloadExBgPal
                0x000000000200399c                NF_VramExBgPal
                0x0000000002003a50                NF_SetExBgPal
                0x0000000002003b10                NF_SetTileHflip
                0x0000000002003b4c                NF_SetTileVflip
                0x0000000002003b88                NF_RotateTileGfx
 *fill*         0x0000000002003d28       0x18 ff
 .text          0x0000000002003d40     0x4000 C:/devkitPro/libnds/lib\libnds9.a(dldi_stub.o)
                0x0000000002003d40                _io_dldi_stub
 .text          0x0000000002007d40      0x11c c:/devkitpro/devkitarm/bin/../lib/gcc/arm-none-eabi/10.2.0/thumb\libgcc.a(_udivsi3.o)
                0x0000000002007d40                __aeabi_uidiv
                0x0000000002007d40                __udivsi3
                0x0000000002007e3c                __aeabi_uidivmod
 .text          0x0000000002007e5c      0x150 c:/devkitpro/devkitarm/bin/../lib/gcc/arm-none-eabi/10.2.0/thumb\libgcc.a(_divsi3.o)
                0x0000000002007e5c                __divsi3
                0x0000000002007e5c                __aeabi_idiv
                0x0000000002007f8c                __aeabi_idivmod
 .text          0x0000000002007fac        0x4 c:/devkitpro/devkitarm/bin/../lib/gcc/arm-none-eabi/10.2.0/thumb\libgcc.a(_dvmd_tls.o)
                0x0000000002007fac                __aeabi_idiv0
                0x0000000002007fac                __aeabi_ldiv0
 .text          0x0000000002007fb0       0xd4 c:/devkitpro/devkitarm/bin/../lib/gcc/arm-none-eabi/10.2.0/thumb\libgcc.a(_aeabi_ldivmod.o)
                0x0000000002007fb0                __aeabi_ldivmod
 .text          0x0000000002008084       0x28 c:/devkitpro/devkitarm/bin/../lib/gcc/arm-none-eabi/10.2.0/thumb\libgcc.a(_clzdi2.o)
                0x0000000002008084                __clzdi2
 .text          0x00000000020080ac       0x48 c:/devkitpro/devkitarm/bin/../lib/gcc/arm-none-eabi/10.2.0/thumb\libgcc.a(_clzsi2.o)
                0x00000000020080ac                __clzsi2
 .text          0x00000000020080f4      0x224 c:/devkitpro/devkitarm/bin/../lib/gcc/arm-none-eabi/10.2.0/../../../../arm-none-eabi/lib/thumb\libg.a(lib_a-strcmp.o)
                0x00000000020080f4                strcmp
 .text          0x0000000002008318       0x14 c:/devkitpro/devkitarm/bin/../lib/gcc/arm-none-eabi/10.2.0/thumb\libgcc.a(_thumb1_case_uqi.o)
                0x0000000002008318                __gnu_thumb1_case_uqi
 .text          0x000000000200832c       0x14 c:/devkitpro/devkitarm/bin/../lib/gcc/arm-none-eabi/10.2.0/thumb\libgcc.a(_thumb1_case_uhi.o)
                0x000000000200832c                __gnu_thumb1_case_uhi
 .text          0x0000000002008340      0x424 c:/devkitpro/devkitarm/bin/../lib/gcc/arm-none-eabi/10.2.0/thumb\libgcc.a(_arm_addsubdf3.o)
                0x0000000002008340                __aeabi_drsub
                0x0000000002008348                __aeabi_dsub
                0x0000000002008348                __subdf3
                0x000000000200834c                __aeabi_dadd
                0x000000000200834c                __adddf3
                0x000000000200865c                __floatunsidf
                0x000000000200865c                __aeabi_ui2d
                0x0000000002008680                __floatsidf
                0x0000000002008680                __aeabi_i2d
                0x00000000020086a8                __aeabi_f2d
                0x00000000020086a8                __extendsfdf2
                0x00000000020086f0                __floatundidf
                0x00000000020086f0                __aeabi_ul2d
                0x0000000002008704                __floatdidf
                0x0000000002008704                __aeabi_l2d
 .text          0x0000000002008764      0x49c c:/devkitpro/devkitarm/bin/../lib/gcc/arm-none-eabi/10.2.0/thumb\libgcc.a(_arm_muldivdf3.o)
                0x0000000002008764                __aeabi_dmul
                0x0000000002008764                __muldf3
                0x00000000020089f4                __divdf3
                0x00000000020089f4                __aeabi_ddiv
 .text          0x0000000002008c00      0x144 c:/devkitpro/devkitarm/bin/../lib/gcc/arm-none-eabi/10.2.0/thumb\libgcc.a(_arm_cmpdf2.o)
                0x0000000002008c00                __gtdf2
                0x0000000002008c00                __gedf2
                0x0000000002008c08                __ltdf2
                0x0000000002008c08                __ledf2
                0x0000000002008c10                __nedf2
                0x0000000002008c10                __eqdf2
                0x0000000002008c10                __cmpdf2
                0x0000000002008c98                __aeabi_cdrcmple
                0x0000000002008cb4                __aeabi_cdcmpeq
                0x0000000002008cb4                __aeabi_cdcmple
                0x0000000002008ccc                __aeabi_dcmpeq
                0x0000000002008ce4                __aeabi_dcmplt
                0x0000000002008cfc                __aeabi_dcmple
                0x0000000002008d14                __aeabi_dcmpge
                0x0000000002008d2c                __aeabi_dcmpgt
 .text          0x0000000002008d44       0x38 c:/devkitpro/devkitarm/bin/../lib/gcc/arm-none-eabi/10.2.0/thumb\libgcc.a(_arm_unorddf2.o)
                0x0000000002008d44                __unorddf2
                0x0000000002008d44                __aeabi_dcmpun
 .text          0x0000000002008d7c       0x5c c:/devkitpro/devkitarm/bin/../lib/gcc/arm-none-eabi/10.2.0/thumb\libgcc.a(_arm_fixdfsi.o)
                0x0000000002008d7c                __aeabi_d2iz
                0x0000000002008d7c                __fixdfsi
 .text          0x0000000002008dd8       0x3c c:/devkitpro/devkitarm/bin/../lib/gcc/arm-none-eabi/10.2.0/thumb\libgcc.a(_aeabi_uldivmod.o)
                0x0000000002008dd8                __aeabi_uldivmod
 *(EXCLUDE_FILE(*.twl* *.vectors* *.itcm*) .stub)
 *(EXCLUDE_FILE(*.twl* *.vectors* *.itcm*) .text.*)
 .text.__do_global_dtors_aux
                0x0000000002008e14       0x2c c:/devkitpro/devkitarm/bin/../lib/gcc/arm-none-eabi/10.2.0/thumb/crtbegin.o
 .text.frame_dummy
                0x0000000002008e40       0x24 c:/devkitpro/devkitarm/bin/../lib/gcc/arm-none-eabi/10.2.0/thumb/crtbegin.o
 .text.startup  0x0000000002008e64      0x158 main.o
                0x0000000002008e64                main
 .text.nitroFSDirClose
                0x0000000002008fbc        0x4 C:/devkitPro/libnds/lib\libfilesystem.a(nitrofs.o)
 .text.nitroFSSeek
                0x0000000002008fc0       0x78 C:/devkitPro/libnds/lib\libfilesystem.a(nitrofs.o)
 .text.nitroFSFstat
                0x0000000002009038       0x10 C:/devkitPro/libnds/lib\libfilesystem.a(nitrofs.o)
 .text.nitroSubReadBlock
                0x0000000002009048       0x54 C:/devkitPro/libnds/lib\libfilesystem.a(nitrofs.o)
 .text.nitroSubReadCard
                0x000000000200909c       0xb0 C:/devkitPro/libnds/lib\libfilesystem.a(nitrofs.o)
 .text.nitroFSClose
                0x000000000200914c        0x4 C:/devkitPro/libnds/lib\libfilesystem.a(nitrofs.o)
 .text.nitroDirReset
                0x0000000002009150       0x9c C:/devkitPro/libnds/lib\libfilesystem.a(nitrofs.o)
 .text.nitroFSRead
                0x00000000020091ec       0xbc C:/devkitPro/libnds/lib\libfilesystem.a(nitrofs.o)
 .text.nitroFSDirNext
                0x00000000020092a8      0x30c C:/devkitPro/libnds/lib\libfilesystem.a(nitrofs.o)
 .text.nitroFSDirOpen
                0x00000000020095b4       0xe0 C:/devkitPro/libnds/lib\libfilesystem.a(nitrofs.o)
 .text.nitroFSChdir
                0x0000000002009694       0x30 C:/devkitPro/libnds/lib\libfilesystem.a(nitrofs.o)
 .text.nitroFSOpen
                0x00000000020096c4       0xc4 C:/devkitPro/libnds/lib\libfilesystem.a(nitrofs.o)
 .text.nitroFSstat
                0x0000000002009788       0x68 C:/devkitPro/libnds/lib\libfilesystem.a(nitrofs.o)
 .text.nitroFSInit
                0x00000000020097f0      0x12c C:/devkitPro/libnds/lib\libfilesystem.a(nitrofs.o)
                0x00000000020097f0                nitroFSInit
 .text.fatMount.part.0
                0x000000000200991c       0xa0 C:/devkitPro/libnds/lib\libfat.a(libfat.o)
 .text.fatMount
                0x00000000020099bc       0x3c C:/devkitPro/libnds/lib\libfat.a(libfat.o)
                0x00000000020099bc                fatMount
 .text.fatInit  0x00000000020099f8      0x130 C:/devkitPro/libnds/lib\libfat.a(libfat.o)
                0x00000000020099f8                fatInit
 .text.fatInitDefault
                0x0000000002009b28        0xc C:/devkitPro/libnds/lib\libfat.a(libfat.o)
                0x0000000002009b28                fatInitDefault
 .text._FAT_check_position_for_next_cluster.part.0
                0x0000000002009b34       0x68 C:/devkitPro/libnds/lib\libfat.a(fatfile.o)
 .text._FAT_syncToDisc.part.0
                0x0000000002009b9c       0xd4 C:/devkitPro/libnds/lib\libfat.a(fatfile.o)
 .text._FAT_file_extend_r
                0x0000000002009c70      0x208 C:/devkitPro/libnds/lib\libfat.a(fatfile.o)
 .text._FAT_open_r
                0x0000000002009e78      0x2d4 C:/devkitPro/libnds/lib\libfat.a(fatfile.o)
                0x0000000002009e78                _FAT_open_r
 .text._FAT_close_r
                0x000000000200a14c       0x74 C:/devkitPro/libnds/lib\libfat.a(fatfile.o)
                0x000000000200a14c                _FAT_close_r
 .text._FAT_read_r
                0x000000000200a1c0      0x398 C:/devkitPro/libnds/lib\libfat.a(fatfile.o)
                0x000000000200a1c0                _FAT_read_r
 .text._FAT_write_r
                0x000000000200a558      0x53c C:/devkitPro/libnds/lib\libfat.a(fatfile.o)
                0x000000000200a558                _FAT_write_r
 .text._FAT_seek_r
                0x000000000200aa94      0x194 C:/devkitPro/libnds/lib\libfat.a(fatfile.o)
                0x000000000200aa94                _FAT_seek_r
 .text._FAT_fstat_r
                0x000000000200ac28       0x8c C:/devkitPro/libnds/lib\libfat.a(fatfile.o)
                0x000000000200ac28                _FAT_fstat_r
 .text._FAT_ftruncate_r
                0x000000000200acb4      0x16c C:/devkitPro/libnds/lib\libfat.a(fatfile.o)
                0x000000000200acb4                _FAT_ftruncate_r
 .text._FAT_fsync_r
                0x000000000200ae20       0x44 C:/devkitPro/libnds/lib\libfat.a(fatfile.o)
                0x000000000200ae20                _FAT_fsync_r
 .text._FAT_cache_getPage
                0x000000000200ae64       0xf0 C:/devkitPro/libnds/lib\libfat.a(cache.o)
 .text._FAT_cache_constructor
                0x000000000200af54       0x90 C:/devkitPro/libnds/lib\libfat.a(cache.o)
                0x000000000200af54                _FAT_cache_constructor
 .text._FAT_cache_readSectors
                0x000000000200afe4       0x60 C:/devkitPro/libnds/lib\libfat.a(cache.o)
                0x000000000200afe4                _FAT_cache_readSectors
 .text._FAT_cache_readPartialSector
                0x000000000200b044       0x3c C:/devkitPro/libnds/lib\libfat.a(cache.o)
                0x000000000200b044                _FAT_cache_readPartialSector
 .text._FAT_cache_readLittleEndianValue
                0x000000000200b080       0x70 C:/devkitPro/libnds/lib\libfat.a(cache.o)
                0x000000000200b080                _FAT_cache_readLittleEndianValue
 .text._FAT_cache_writePartialSector
                0x000000000200b0f0       0x4c C:/devkitPro/libnds/lib\libfat.a(cache.o)
                0x000000000200b0f0                _FAT_cache_writePartialSector
 .text._FAT_cache_writeLittleEndianValue
                0x000000000200b13c       0x8c C:/devkitPro/libnds/lib\libfat.a(cache.o)
                0x000000000200b13c                _FAT_cache_writeLittleEndianValue
 .text._FAT_cache_eraseWritePartialSector
                0x000000000200b1c8       0x60 C:/devkitPro/libnds/lib\libfat.a(cache.o)
                0x000000000200b1c8                _FAT_cache_eraseWritePartialSector
 .text._FAT_cache_writeSectors
                0x000000000200b228       0x80 C:/devkitPro/libnds/lib\libfat.a(cache.o)
                0x000000000200b228                _FAT_cache_writeSectors
 .text._FAT_cache_flush
                0x000000000200b2a8       0x40 C:/devkitPro/libnds/lib\libfat.a(cache.o)
                0x000000000200b2a8                _FAT_cache_flush
 .text._FAT_stat_r
                0x000000000200b2e8       0x90 C:/devkitPro/libnds/lib\libfat.a(fatdir.o)
                0x000000000200b2e8                _FAT_stat_r
 .text._FAT_link_r
                0x000000000200b378        0xc C:/devkitPro/libnds/lib\libfat.a(fatdir.o)
                0x000000000200b378                _FAT_link_r
 .text._FAT_unlink_r
                0x000000000200b384      0x184 C:/devkitPro/libnds/lib\libfat.a(fatdir.o)
                0x000000000200b384                _FAT_unlink_r
 .text._FAT_chdir_r
                0x000000000200b508       0x70 C:/devkitPro/libnds/lib\libfat.a(fatdir.o)
                0x000000000200b508                _FAT_chdir_r
 .text._FAT_rename_r
                0x000000000200b578      0x1c4 C:/devkitPro/libnds/lib\libfat.a(fatdir.o)
                0x000000000200b578                _FAT_rename_r
 .text._FAT_mkdir_r
                0x000000000200b73c      0x244 C:/devkitPro/libnds/lib\libfat.a(fatdir.o)
                0x000000000200b73c                _FAT_mkdir_r
 .text._FAT_statvfs_r
                0x000000000200b980       0x78 C:/devkitPro/libnds/lib\libfat.a(fatdir.o)
                0x000000000200b980                _FAT_statvfs_r
 .text._FAT_diropen_r
                0x000000000200b9f8       0xb0 C:/devkitPro/libnds/lib\libfat.a(fatdir.o)
                0x000000000200b9f8                _FAT_diropen_r
 .text._FAT_dirreset_r
                0x000000000200baa8       0x4c C:/devkitPro/libnds/lib\libfat.a(fatdir.o)
                0x000000000200baa8                _FAT_dirreset_r
 .text._FAT_dirnext_r
                0x000000000200baf4       0x7c C:/devkitPro/libnds/lib\libfat.a(fatdir.o)
                0x000000000200baf4                _FAT_dirnext_r
 .text._FAT_dirclose_r
                0x000000000200bb70       0x20 C:/devkitPro/libnds/lib\libfat.a(fatdir.o)
                0x000000000200bb70                _FAT_dirclose_r
 .text._FAT_directory_entryGetAlias
                0x000000000200bb90       0xc8 C:/devkitPro/libnds/lib\libfat.a(directory.o)
 .text._FAT_directory_incrementDirEntryPosition
                0x000000000200bc58       0x80 C:/devkitPro/libnds/lib\libfat.a(directory.o)
 .text._FAT_directory_mbsncasecmp
                0x000000000200bcd8       0xa8 C:/devkitPro/libnds/lib\libfat.a(directory.o)
 .text._FAT_directory_ucs2tombs.constprop.0
                0x000000000200bd80       0x90 C:/devkitPro/libnds/lib\libfat.a(directory.o)
 .text._FAT_directory_entryGetCluster
                0x000000000200be10       0x20 C:/devkitPro/libnds/lib\libfat.a(directory.o)
                0x000000000200be10                _FAT_directory_entryGetCluster
 .text._FAT_directory_getNextEntry
                0x000000000200be30      0x23c C:/devkitPro/libnds/lib\libfat.a(directory.o)
                0x000000000200be30                _FAT_directory_getNextEntry
 .text._FAT_directory_entryExists
                0x000000000200c06c       0x80 C:/devkitPro/libnds/lib\libfat.a(directory.o)
 .text._FAT_directory_getFirstEntry
                0x000000000200c0ec       0x20 C:/devkitPro/libnds/lib\libfat.a(directory.o)
                0x000000000200c0ec                _FAT_directory_getFirstEntry
 .text._FAT_directory_getRootEntry
                0x000000000200c10c       0x60 C:/devkitPro/libnds/lib\libfat.a(directory.o)
                0x000000000200c10c                _FAT_directory_getRootEntry
 .text._FAT_directory_entryFromPosition
                0x000000000200c16c      0x150 C:/devkitPro/libnds/lib\libfat.a(directory.o)
                0x000000000200c16c                _FAT_directory_entryFromPosition
 .text._FAT_directory_entryFromPath
                0x000000000200c2bc      0x248 C:/devkitPro/libnds/lib\libfat.a(directory.o)
                0x000000000200c2bc                _FAT_directory_entryFromPath
 .text._FAT_directory_removeEntry
                0x000000000200c504       0xd8 C:/devkitPro/libnds/lib\libfat.a(directory.o)
                0x000000000200c504                _FAT_directory_removeEntry
 .text._FAT_directory_addEntry
                0x000000000200c5dc      0x808 C:/devkitPro/libnds/lib\libfat.a(directory.o)
                0x000000000200c5dc                _FAT_directory_addEntry
 .text._FAT_directory_chdir
                0x000000000200cde4       0x3c C:/devkitPro/libnds/lib\libfat.a(directory.o)
                0x000000000200cde4                _FAT_directory_chdir
 .text._FAT_directory_entryStat
                0x000000000200ce20       0xe4 C:/devkitPro/libnds/lib\libfat.a(directory.o)
                0x000000000200ce20                _FAT_directory_entryStat
 .text.isValidMBR
                0x000000000200cf04       0x5c C:/devkitPro/libnds/lib\libfat.a(partition.o)
 .text._FAT_updateFS_INFO
                0x000000000200cf60       0x54 C:/devkitPro/libnds/lib\libfat.a(partition.o)
 .text.FindFirstValidPartition_buf.part.0
                0x000000000200cfb4      0x11c C:/devkitPro/libnds/lib\libfat.a(partition.o)
 .text._FAT_partition_getPartitionFromPath
                0x000000000200d0d0       0x10 C:/devkitPro/libnds/lib\libfat.a(partition.o)
                0x000000000200d0d0                _FAT_partition_getPartitionFromPath
 .text._FAT_partition_createFSinfo
                0x000000000200d0e0       0x50 C:/devkitPro/libnds/lib\libfat.a(partition.o)
                0x000000000200d0e0                _FAT_partition_createFSinfo
 .text._FAT_partition_readFSinfo.part.0
                0x000000000200d130       0x74 C:/devkitPro/libnds/lib\libfat.a(partition.o)
 .text._FAT_partition_constructor_buf
                0x000000000200d1a4      0x2e8 C:/devkitPro/libnds/lib\libfat.a(partition.o)
                0x000000000200d1a4                _FAT_partition_constructor_buf
 .text._FAT_partition_constructor
                0x000000000200d48c       0x40 C:/devkitPro/libnds/lib\libfat.a(partition.o)
                0x000000000200d48c                _FAT_partition_constructor
 .text._FAT_partition_readFSinfo
                0x000000000200d4cc       0x10 C:/devkitPro/libnds/lib\libfat.a(partition.o)
                0x000000000200d4cc                _FAT_partition_readFSinfo
 .text._FAT_lock_init
                0x000000000200d4dc        0x4 C:/devkitPro/libnds/lib\libfat.a(lock.o)
                0x000000000200d4dc                _FAT_lock_init
 .text._FAT_lock
                0x000000000200d4e0        0x4 C:/devkitPro/libnds/lib\libfat.a(lock.o)
                0x000000000200d4e0                _FAT_lock
 .text._FAT_unlock
                0x000000000200d4e4        0x4 C:/devkitPro/libnds/lib\libfat.a(lock.o)
                0x000000000200d4e4                _FAT_unlock
 .text._FAT_filetime_getTimeFromRTC
                0x000000000200d4e8       0x44 C:/devkitPro/libnds/lib\libfat.a(filetime.o)
                0x000000000200d4e8                _FAT_filetime_getTimeFromRTC
 .text._FAT_filetime_getDateFromRTC
                0x000000000200d52c       0x44 C:/devkitPro/libnds/lib\libfat.a(filetime.o)
                0x000000000200d52c                _FAT_filetime_getDateFromRTC
 .text._FAT_filetime_to_time_t
                0x000000000200d570       0x38 C:/devkitPro/libnds/lib\libfat.a(filetime.o)
                0x000000000200d570                _FAT_filetime_to_time_t
 .text._FAT_fat_writeFatEntry.part.0.isra.0
                0x000000000200d5a8      0x12c C:/devkitPro/libnds/lib\libfat.a(file_allocation_table.o)
 .text._FAT_fat_nextCluster
                0x000000000200d6d4      0x108 C:/devkitPro/libnds/lib\libfat.a(file_allocation_table.o)
                0x000000000200d6d4                _FAT_fat_nextCluster
 .text._FAT_fat_linkFreeCluster
                0x000000000200d7dc       0xac C:/devkitPro/libnds/lib\libfat.a(file_allocation_table.o)
                0x000000000200d7dc                _FAT_fat_linkFreeCluster
 .text._FAT_fat_linkFreeClusterCleared
                0x000000000200d888       0x68 C:/devkitPro/libnds/lib\libfat.a(file_allocation_table.o)
                0x000000000200d888                _FAT_fat_linkFreeClusterCleared
 .text._FAT_fat_clearLinks
                0x000000000200d8f0       0x7c C:/devkitPro/libnds/lib\libfat.a(file_allocation_table.o)
                0x000000000200d8f0                _FAT_fat_clearLinks
 .text._FAT_fat_trimChain
                0x000000000200d96c       0x80 C:/devkitPro/libnds/lib\libfat.a(file_allocation_table.o)
                0x000000000200d96c                _FAT_fat_trimChain
 .text._FAT_fat_lastCluster
                0x000000000200d9ec       0x34 C:/devkitPro/libnds/lib\libfat.a(file_allocation_table.o)
                0x000000000200d9ec                _FAT_fat_lastCluster
 .text._FAT_fat_freeClusterCount
                0x000000000200da20       0x2c C:/devkitPro/libnds/lib\libfat.a(file_allocation_table.o)
                0x000000000200da20                _FAT_fat_freeClusterCount
 .text.setBrightness
                0x000000000200da4c       0x40 C:/devkitPro/libnds/lib\libnds9.a(video.o)
                0x000000000200da4c                setBrightness
 .text.vramDefault
                0x000000000200da8c       0xd0 C:/devkitPro/libnds/lib\libnds9.a(video.o)
                0x000000000200da8c                vramDefault
 .text.newRow   0x000000000200db5c       0xb0 C:/devkitPro/libnds/lib\libnds9.a(console.o)
 .text.consolePrintChar
                0x000000000200dc0c       0xec C:/devkitPro/libnds/lib\libnds9.a(console.o)
                0x000000000200dc0c                consolePrintChar
 .text.con_write
                0x000000000200dcf8      0x374 C:/devkitPro/libnds/lib\libnds9.a(console.o)
                0x000000000200dcf8                con_write
 .text.consoleLoadFont
                0x000000000200e06c      0x2a8 C:/devkitPro/libnds/lib\libnds9.a(console.o)
                0x000000000200e06c                consoleLoadFont
 .text.consoleInit
                0x000000000200e314      0x194 C:/devkitPro/libnds/lib\libnds9.a(console.o)
                0x000000000200e314                consoleInit
 .text.consoleDemoInit
                0x000000000200e4a8       0x40 C:/devkitPro/libnds/lib\libnds9.a(console.o)
                0x000000000200e4a8                consoleDemoInit
 .text.consoleClear
                0x000000000200e4e8       0x10 C:/devkitPro/libnds/lib\libnds9.a(console.o)
                0x000000000200e4e8                consoleClear
 .text.oamRotateScale
                0x000000000200e4f8       0x4c C:/devkitPro/libnds/lib\libnds9.a(sprite.o)
                0x000000000200e4f8                oamRotateScale
 .text.soundEnable
                0x000000000200e544       0x10 C:/devkitPro/libnds/lib\libnds9.a(sound.o)
                0x000000000200e544                soundEnable
 .text.soundPlaySample
                0x000000000200e554       0x68 C:/devkitPro/libnds/lib\libnds9.a(sound.o)
                0x000000000200e554                soundPlaySample
 .text.soundPause
                0x000000000200e5bc       0x14 C:/devkitPro/libnds/lib\libnds9.a(sound.o)
                0x000000000200e5bc                soundPause
 .text.soundResume
                0x000000000200e5d0       0x14 C:/devkitPro/libnds/lib\libnds9.a(sound.o)
                0x000000000200e5d0                soundResume
 .text.scanKeys
                0x000000000200e5e4       0x8c C:/devkitPro/libnds/lib\libnds9.a(keys.o)
                0x000000000200e5e4                scanKeys
 .text.keysDown
                0x000000000200e670       0x14 C:/devkitPro/libnds/lib\libnds9.a(keys.o)
                0x000000000200e670                keysDown
 .text.dldiGetInternal
                0x000000000200e684       0x34 C:/devkitPro/libnds/lib\libnds9.a(dldi.o)
                0x000000000200e684                dldiGetInternal
 .text.get_io_dsisd
                0x000000000200e6b8       0x24 C:/devkitPro/libnds/lib\libnds9.a(dldi.o)
                0x000000000200e6b8                get_io_dsisd
 .text.initSystem
                0x000000000200e6dc      0x198 C:/devkitPro/libnds/lib\libnds9.a(initSystem.o)
                0x000000000200e6dc                initSystem
 .text.__libnds_gtod
                0x000000000200e874       0x28 C:/devkitPro/libnds/lib\libnds9.a(timeSupport.o)
                0x000000000200e874                __libnds_gtod
 .text.irqDummy
                0x000000000200e89c        0x4 C:/devkitPro/libnds/lib\libnds9.a(interrupts.o)
                0x000000000200e89c                irqDummy
 .text.irqSet   0x000000000200e8a0       0x6c C:/devkitPro/libnds/lib\libnds9.a(interrupts.o)
                0x000000000200e8a0                irqSet
 .text.irqInit  0x000000000200e90c       0x50 C:/devkitPro/libnds/lib\libnds9.a(interrupts.o)
                0x000000000200e90c                irqInit
 .text.irqEnable
                0x000000000200e95c       0x64 C:/devkitPro/libnds/lib\libnds9.a(interrupts.o)
                0x000000000200e95c                irqEnable
 .text.systemErrorExit
                0x000000000200e9c0        0x4 C:/devkitPro/libnds/lib\libnds9.a(libnds_exit.arm.o)
                0x000000000200e9c0                systemErrorExit
 .text.__libnds_exit
                0x000000000200e9c4       0x5c C:/devkitPro/libnds/lib\libnds9.a(libnds_exit.arm.o)
                0x000000000200e9c4                __libnds_exit
 .text.cardPolledTransfer
                0x000000000200ea20       0x54 C:/devkitPro/libnds/lib\libnds9.a(card.o)
                0x000000000200ea20                cardPolledTransfer
 .text.cardParamCommand
                0x000000000200ea74       0x34 C:/devkitPro/libnds/lib\libnds9.a(card.o)
                0x000000000200ea74                cardParamCommand
 .text.fifo_queueBlock
                0x000000000200eaa8       0x44 C:/devkitPro/libnds/lib\libnds9.a(fifosystem.o)
 .text.fifo_waitBlock
                0x000000000200eaec       0x80 C:/devkitPro/libnds/lib\libnds9.a(fifosystem.o)
 .text.fifoInternalSend.part.0
                0x000000000200eb6c       0xd4 C:/devkitPro/libnds/lib\libnds9.a(fifosystem.o)
 .text.fifoInternalSendInterrupt
                0x000000000200ec40       0xa8 C:/devkitPro/libnds/lib\libnds9.a(fifosystem.o)
 .text.fifoSetValue32Handler
                0x000000000200ece8       0xd8 C:/devkitPro/libnds/lib\libnds9.a(fifosystem.o)
                0x000000000200ece8                fifoSetValue32Handler
 .text.fifoSendValue32
                0x000000000200edc0       0x4c C:/devkitPro/libnds/lib\libnds9.a(fifosystem.o)
                0x000000000200edc0                fifoSendValue32
 .text.fifoSendDatamsg
                0x000000000200ee0c       0x90 C:/devkitPro/libnds/lib\libnds9.a(fifosystem.o)
                0x000000000200ee0c                fifoSendDatamsg
 .text.fifoGetValue32
                0x000000000200ee9c       0x70 C:/devkitPro/libnds/lib\libnds9.a(fifosystem.o)
                0x000000000200ee9c                fifoGetValue32
 .text.fifoGetDatamsg
                0x000000000200ef0c       0xf4 C:/devkitPro/libnds/lib\libnds9.a(fifosystem.o)
                0x000000000200ef0c                fifoGetDatamsg
 .text.fifoInternalRecvInterrupt
                0x000000000200f000      0x380 C:/devkitPro/libnds/lib\libnds9.a(fifosystem.o)
 .text.fifoSetDatamsgHandler
                0x000000000200f380       0x9c C:/devkitPro/libnds/lib\libnds9.a(fifosystem.o)
                0x000000000200f380                fifoSetDatamsgHandler
 .text.fifoCheckValue32
                0x000000000200f41c       0x24 C:/devkitPro/libnds/lib\libnds9.a(fifosystem.o)
                0x000000000200f41c                fifoCheckValue32
 .text.fifoInit
                0x000000000200f440       0xf8 C:/devkitPro/libnds/lib\libnds9.a(fifosystem.o)
                0x000000000200f440                fifoInit
 .text.DC_FlushRange
                0x000000000200f538       0x24 C:/devkitPro/libnds/lib\libnds9.a(dcache.o)
                0x000000000200f538                DC_FlushRange
 .text.DC_InvalidateRange
                0x000000000200f55c       0x2c C:/devkitPro/libnds/lib\libnds9.a(dcache.o)
                0x000000000200f55c                DC_InvalidateRange
 .text.__libnds_mpu_setup
                0x000000000200f588      0x174 C:/devkitPro/libnds/lib\libnds9.a(mpu_setup.o)
                0x000000000200f588                __libnds_mpu_setup
 .text.memUncached
                0x000000000200f6fc       0x20 C:/devkitPro/libnds/lib\libnds9.a(mpu_setup.o)
                0x000000000200f6fc                memUncached
 .text.swiWaitForVBlank
                0x000000000200f71c        0x8 C:/devkitPro/libnds/lib\libnds9.a(IntrWait.o)
                0x000000000200f71c                swiWaitForVBlank
 .text.swiIntrWait
                0x000000000200f724       0x70 C:/devkitPro/libnds/lib\libnds9.a(IntrWait.o)
                0x000000000200f724                swiIntrWait
 .text.setCpuClock
                0x000000000200f794       0x50 C:/devkitPro/libnds/lib\libnds9.a(cpu_clock.o)
                0x000000000200f794                setCpuClock
 .text.swiSoftReset
                0x000000000200f7e4       0x2c C:/devkitPro/libnds/lib\libnds9.a(swiSoftReset.o)
                0x000000000200f7e4                swiSoftReset
 .text.swiDelay
                0x000000000200f810        0x4 C:/devkitPro/libnds/lib\libnds9.a(biosCalls.o)
                0x000000000200f810                swiDelay
 .text.checkIfText
                0x000000000200f814       0x5c C:/devkitPro/libnds/lib\libnds9.a(background.o)
                0x000000000200f814                checkIfText
 .text.bgUpdate
                0x000000000200f870       0xf4 C:/devkitPro/libnds/lib\libnds9.a(background.o)
                0x000000000200f870                bgUpdate
 .text.bgInit_call
                0x000000000200f964       0xc4 C:/devkitPro/libnds/lib\libnds9.a(background.o)
                0x000000000200f964                bgInit_call
 .text.bgInitSub_call
                0x000000000200fa28       0xcc C:/devkitPro/libnds/lib\libnds9.a(background.o)
                0x000000000200fa28                bgInitSub_call
 .text.systemValueHandler
                0x000000000200faf4       0x48 C:/devkitPro/libnds/lib\libnds9.a(system.o)
                0x000000000200faf4                systemValueHandler
 .text.systemMsgHandler
                0x000000000200fb3c       0x60 C:/devkitPro/libnds/lib\libnds9.a(system.o)
                0x000000000200fb3c                systemMsgHandler
 .text.powerOn  0x000000000200fb9c       0x2c C:/devkitPro/libnds/lib\libnds9.a(system.o)
                0x000000000200fb9c                powerOn
 .text.sinLutLookup
                0x000000000200fbc8       0x38 C:/devkitPro/libnds/lib\libnds9.a(trig.o)
                0x000000000200fbc8                sinLutLookup
 .text.sinLerp  0x000000000200fc00       0x40 C:/devkitPro/libnds/lib\libnds9.a(trig.o)
                0x000000000200fc00                sinLerp
 .text.cosLerp  0x000000000200fc40       0x4c C:/devkitPro/libnds/lib\libnds9.a(trig.o)
                0x000000000200fc40                cosLerp
 .text.__muldi3
                0x000000000200fc8c       0x54 c:/devkitpro/devkitarm/bin/../lib/gcc/arm-none-eabi/10.2.0/thumb\libgcc.a(_muldi3.o)
                0x000000000200fc8c                __muldi3
                0x000000000200fc8c                __aeabi_lmul
 .text.__udivmoddi4
                0x000000000200fce0      0x19c c:/devkitpro/devkitarm/bin/../lib/gcc/arm-none-eabi/10.2.0/thumb\libgcc.a(_udivmoddi4.o)
                0x000000000200fce0                __udivmoddi4
 .text.calloc   0x000000000200fe7c       0x18 c:/devkitpro/devkitarm/bin/../lib/gcc/arm-none-eabi/10.2.0/../../../../arm-none-eabi/lib/thumb\libg.a(lib_a-calloc.o)
                0x000000000200fe7c                calloc
 .text._calloc_r
                0x000000000200fe94       0x60 c:/devkitpro/devkitarm/bin/../lib/gcc/arm-none-eabi/10.2.0/../../../../arm-none-eabi/lib/thumb\libg.a(lib_a-callocr.o)
                0x000000000200fe94                _calloc_r
 .text._fclose_r
                0x000000000200fef4       0xe8 c:/devkitpro/devkitarm/bin/../lib/gcc/arm-none-eabi/10.2.0/../../../../arm-none-eabi/lib/thumb\libg.a(lib_a-fclose.o)
                0x000000000200fef4                _fclose_r
 .text.fclose   0x000000000200ffdc       0x14 c:/devkitpro/devkitarm/bin/../lib/gcc/arm-none-eabi/10.2.0/../../../../arm-none-eabi/lib/thumb\libg.a(lib_a-fclose.o)
                0x000000000200ffdc                fclose
 .text.__sflush_r
                0x000000000200fff0      0x1c0 c:/devkitpro/devkitarm/bin/../lib/gcc/arm-none-eabi/10.2.0/../../../../arm-none-eabi/lib/thumb\libg.a(lib_a-fflush.o)
                0x000000000200fff0                __sflush_r
 .text._fflush_r
                0x00000000020101b0       0x70 c:/devkitpro/devkitarm/bin/../lib/gcc/arm-none-eabi/10.2.0/../../../../arm-none-eabi/lib/thumb\libg.a(lib_a-fflush.o)
                0x00000000020101b0                _fflush_r
 .text.fflush   0x0000000002010220       0x2c c:/devkitpro/devkitarm/bin/../lib/gcc/arm-none-eabi/10.2.0/../../../../arm-none-eabi/lib/thumb\libg.a(lib_a-fflush.o)
                0x0000000002010220                fflush
 .text._cleanup_r
                0x000000000201024c       0x14 c:/devkitpro/devkitarm/bin/../lib/gcc/arm-none-eabi/10.2.0/../../../../arm-none-eabi/lib/thumb\libg.a(lib_a-findfp.o)
                0x000000000201024c                _cleanup_r
 .text.__sinit  0x0000000002010260      0x124 c:/devkitpro/devkitarm/bin/../lib/gcc/arm-none-eabi/10.2.0/../../../../arm-none-eabi/lib/thumb\libg.a(lib_a-findfp.o)
                0x0000000002010260                __sinit
 .text.__sfp    0x0000000002010384       0xdc c:/devkitpro/devkitarm/bin/../lib/gcc/arm-none-eabi/10.2.0/../../../../arm-none-eabi/lib/thumb\libg.a(lib_a-findfp.o)
                0x0000000002010384                __sfp
 .text.__sfp_lock_acquire
                0x0000000002010460       0x14 c:/devkitpro/devkitarm/bin/../lib/gcc/arm-none-eabi/10.2.0/../../../../arm-none-eabi/lib/thumb\libg.a(lib_a-findfp.o)
                0x0000000002010460                __sfp_lock_acquire
 .text.__sfp_lock_release
                0x0000000002010474       0x14 c:/devkitpro/devkitarm/bin/../lib/gcc/arm-none-eabi/10.2.0/../../../../arm-none-eabi/lib/thumb\libg.a(lib_a-findfp.o)
                0x0000000002010474                __sfp_lock_release
 .text._fopen_r
                0x0000000002010488       0xb8 c:/devkitpro/devkitarm/bin/../lib/gcc/arm-none-eabi/10.2.0/../../../../arm-none-eabi/lib/thumb\libg.a(lib_a-fopen.o)
                0x0000000002010488                _fopen_r
 .text.fopen    0x0000000002010540       0x18 c:/devkitpro/devkitarm/bin/../lib/gcc/arm-none-eabi/10.2.0/../../../../arm-none-eabi/lib/thumb\libg.a(lib_a-fopen.o)
                0x0000000002010540                fopen
 .text._fread_r
                0x0000000002010558      0x1f0 c:/devkitpro/devkitarm/bin/../lib/gcc/arm-none-eabi/10.2.0/../../../../arm-none-eabi/lib/thumb\libg.a(lib_a-fread.o)
                0x0000000002010558                _fread_r
 .text.fread    0x0000000002010748       0x24 c:/devkitpro/devkitarm/bin/../lib/gcc/arm-none-eabi/10.2.0/../../../../arm-none-eabi/lib/thumb\libg.a(lib_a-fread.o)
                0x0000000002010748                fread
 .text._malloc_trim_r
                0x000000000201076c       0xa0 c:/devkitpro/devkitarm/bin/../lib/gcc/arm-none-eabi/10.2.0/../../../../arm-none-eabi/lib/thumb\libg.a(lib_a-freer.o)
                0x000000000201076c                _malloc_trim_r
 .text._free_r  0x000000000201080c      0x1e0 c:/devkitpro/devkitarm/bin/../lib/gcc/arm-none-eabi/10.2.0/../../../../arm-none-eabi/lib/thumb\libg.a(lib_a-freer.o)
                0x000000000201080c                _free_r
 .text._fseek_r
                0x00000000020109ec       0x18 c:/devkitpro/devkitarm/bin/../lib/gcc/arm-none-eabi/10.2.0/../../../../arm-none-eabi/lib/thumb\libg.a(lib_a-fseek.o)
                0x00000000020109ec                _fseek_r
 .text.fseek    0x0000000002010a04       0x24 c:/devkitpro/devkitarm/bin/../lib/gcc/arm-none-eabi/10.2.0/../../../../arm-none-eabi/lib/thumb\libg.a(lib_a-fseek.o)
                0x0000000002010a04                fseek
 .text._fseeko_r
                0x0000000002010a28      0x39c c:/devkitpro/devkitarm/bin/../lib/gcc/arm-none-eabi/10.2.0/../../../../arm-none-eabi/lib/thumb\libg.a(lib_a-fseeko.o)
                0x0000000002010a28                _fseeko_r
 .text.ftell    0x0000000002010dc4       0x24 c:/devkitpro/devkitarm/bin/../lib/gcc/arm-none-eabi/10.2.0/../../../../arm-none-eabi/lib/thumb\libg.a(lib_a-ftell.o)
                0x0000000002010dc4                ftell
 .text._ftello_r
                0x0000000002010de8      0x118 c:/devkitpro/devkitarm/bin/../lib/gcc/arm-none-eabi/10.2.0/../../../../arm-none-eabi/lib/thumb\libg.a(lib_a-ftello.o)
                0x0000000002010de8                _ftello_r
 .text._fwalk   0x0000000002010f00       0x48 c:/devkitpro/devkitarm/bin/../lib/gcc/arm-none-eabi/10.2.0/../../../../arm-none-eabi/lib/thumb\libg.a(lib_a-fwalk.o)
                0x0000000002010f00                _fwalk
 .text._fwalk_reent
                0x0000000002010f48       0x50 c:/devkitpro/devkitarm/bin/../lib/gcc/arm-none-eabi/10.2.0/../../../../arm-none-eabi/lib/thumb\libg.a(lib_a-fwalk.o)
                0x0000000002010f48                _fwalk_reent
 .text.__libc_init_array
                0x0000000002010f98       0x50 c:/devkitpro/devkitarm/bin/../lib/gcc/arm-none-eabi/10.2.0/../../../../arm-none-eabi/lib/thumb\libg.a(lib_a-init.o)
                0x0000000002010f98                __libc_init_array
 .text.iprintf  0x0000000002010fe8       0x24 c:/devkitpro/devkitarm/bin/../lib/gcc/arm-none-eabi/10.2.0/../../../../arm-none-eabi/lib/thumb\libg.a(lib_a-iprintf.o)
                0x0000000002010fe8                iprintf
 .text.localtime_r
                0x000000000201100c      0x244 c:/devkitpro/devkitarm/bin/../lib/gcc/arm-none-eabi/10.2.0/../../../../arm-none-eabi/lib/thumb\libg.a(lib_a-lcltime_r.o)
                0x000000000201100c                localtime_r
 .text.__locale_mb_cur_max
                0x0000000002011250       0x10 c:/devkitpro/devkitarm/bin/../lib/gcc/arm-none-eabi/10.2.0/../../../../arm-none-eabi/lib/thumb\libg.a(lib_a-locale.o)
                0x0000000002011250                __locale_mb_cur_max
 .text.__smakebuf_r
                0x0000000002011260       0xec c:/devkitpro/devkitarm/bin/../lib/gcc/arm-none-eabi/10.2.0/../../../../arm-none-eabi/lib/thumb\libg.a(lib_a-makebuf.o)
                0x0000000002011260                __smakebuf_r
 .text.__swhatbuf_r
                0x000000000201134c       0x64 c:/devkitpro/devkitarm/bin/../lib/gcc/arm-none-eabi/10.2.0/../../../../arm-none-eabi/lib/thumb\libg.a(lib_a-makebuf.o)
                0x000000000201134c                __swhatbuf_r
 .text.malloc   0x00000000020113b0       0x14 c:/devkitpro/devkitarm/bin/../lib/gcc/arm-none-eabi/10.2.0/../../../../arm-none-eabi/lib/thumb\libg.a(lib_a-malloc.o)
                0x00000000020113b0                malloc
 .text.free     0x00000000020113c4       0x14 c:/devkitpro/devkitarm/bin/../lib/gcc/arm-none-eabi/10.2.0/../../../../arm-none-eabi/lib/thumb\libg.a(lib_a-malloc.o)
                0x00000000020113c4                free
 .text._malloc_r
                0x00000000020113d8      0x59c c:/devkitpro/devkitarm/bin/../lib/gcc/arm-none-eabi/10.2.0/../../../../arm-none-eabi/lib/thumb\libg.a(lib_a-mallocr.o)
                0x00000000020113d8                _malloc_r
 .text._mbrtowc_r
                0x0000000002011974       0x60 c:/devkitpro/devkitarm/bin/../lib/gcc/arm-none-eabi/10.2.0/../../../../arm-none-eabi/lib/thumb\libg.a(lib_a-mbrtowc.o)
                0x0000000002011974                _mbrtowc_r
 .text.mbrtowc  0x00000000020119d4       0x80 c:/devkitpro/devkitarm/bin/../lib/gcc/arm-none-eabi/10.2.0/../../../../arm-none-eabi/lib/thumb\libg.a(lib_a-mbrtowc.o)
                0x00000000020119d4                mbrtowc
 .text.mbsrtowcs
                0x0000000002011a54       0x28 c:/devkitpro/devkitarm/bin/../lib/gcc/arm-none-eabi/10.2.0/../../../../arm-none-eabi/lib/thumb\libg.a(lib_a-mbsrtowcs.o)
                0x0000000002011a54                mbsrtowcs
 .text.__utf8_mbtowc
                0x0000000002011a7c      0x280 c:/devkitpro/devkitarm/bin/../lib/gcc/arm-none-eabi/10.2.0/../../../../arm-none-eabi/lib/thumb\libg.a(lib_a-mbtowc_r.o)
                0x0000000002011a7c                __utf8_mbtowc
 .text.memcmp   0x0000000002011cfc       0x4c c:/devkitpro/devkitarm/bin/../lib/gcc/arm-none-eabi/10.2.0/../../../../arm-none-eabi/lib/thumb\libg.a(lib_a-memcmp.o)
                0x0000000002011cfc                memcmp
 .text.memcpy   0x0000000002011d48       0xa8 c:/devkitpro/devkitarm/bin/../lib/gcc/arm-none-eabi/10.2.0/../../../../arm-none-eabi/lib/thumb\libg.a(lib_a-memcpy-stub.o)
                0x0000000002011d48                memcpy
 .text.memmove  0x0000000002011df0       0xbc c:/devkitpro/devkitarm/bin/../lib/gcc/arm-none-eabi/10.2.0/../../../../arm-none-eabi/lib/thumb\libg.a(lib_a-memmove.o)
                0x0000000002011df0                memmove
 .text.memset   0x0000000002011eac       0xb0 c:/devkitpro/devkitarm/bin/../lib/gcc/arm-none-eabi/10.2.0/../../../../arm-none-eabi/lib/thumb\libg.a(lib_a-memset.o)
                0x0000000002011eac                memset
 .text.validate_structure
                0x0000000002011f5c      0x1e8 c:/devkitpro/devkitarm/bin/../lib/gcc/arm-none-eabi/10.2.0/../../../../arm-none-eabi/lib/thumb\libg.a(lib_a-mktime.o)
 .text.mktime   0x0000000002012144      0x450 c:/devkitpro/devkitarm/bin/../lib/gcc/arm-none-eabi/10.2.0/../../../../arm-none-eabi/lib/thumb\libg.a(lib_a-mktime.o)
                0x0000000002012144                mktime
 .text.__malloc_lock
                0x0000000002012594       0x14 c:/devkitpro/devkitarm/bin/../lib/gcc/arm-none-eabi/10.2.0/../../../../arm-none-eabi/lib/thumb\libg.a(lib_a-mlock.o)
                0x0000000002012594                __malloc_lock
 .text.__malloc_unlock
                0x00000000020125a8       0x14 c:/devkitpro/devkitarm/bin/../lib/gcc/arm-none-eabi/10.2.0/../../../../arm-none-eabi/lib/thumb\libg.a(lib_a-mlock.o)
                0x00000000020125a8                __malloc_unlock
 .text.realloc  0x00000000020125bc       0x18 c:/devkitpro/devkitarm/bin/../lib/gcc/arm-none-eabi/10.2.0/../../../../arm-none-eabi/lib/thumb\libg.a(lib_a-realloc.o)
                0x00000000020125bc                realloc
 .text._realloc_r
                0x00000000020125d4      0x38c c:/devkitpro/devkitarm/bin/../lib/gcc/arm-none-eabi/10.2.0/../../../../arm-none-eabi/lib/thumb\libg.a(lib_a-reallocr.o)
                0x00000000020125d4                _realloc_r
 .text.lflush   0x0000000002012960       0x20 c:/devkitpro/devkitarm/bin/../lib/gcc/arm-none-eabi/10.2.0/../../../../arm-none-eabi/lib/thumb\libg.a(lib_a-refill.o)
 .text.__srefill_r
                0x0000000002012980      0x118 c:/devkitpro/devkitarm/bin/../lib/gcc/arm-none-eabi/10.2.0/../../../../arm-none-eabi/lib/thumb\libg.a(lib_a-refill.o)
                0x0000000002012980                __srefill_r
 .text.rewind   0x0000000002012a98       0x20 c:/devkitpro/devkitarm/bin/../lib/gcc/arm-none-eabi/10.2.0/../../../../arm-none-eabi/lib/thumb\libg.a(lib_a-rewind.o)
                0x0000000002012a98                rewind
 .text.setvbuf  0x0000000002012ab8      0x1ac c:/devkitpro/devkitarm/bin/../lib/gcc/arm-none-eabi/10.2.0/../../../../arm-none-eabi/lib/thumb\libg.a(lib_a-setvbuf.o)
                0x0000000002012ab8                setvbuf
 .text.siscanf  0x0000000002012c64       0x4c c:/devkitpro/devkitarm/bin/../lib/gcc/arm-none-eabi/10.2.0/../../../../arm-none-eabi/lib/thumb\libg.a(lib_a-siscanf.o)
                0x0000000002012c64                siscanf
 .text.sprintf  0x0000000002012cb0       0x40 c:/devkitpro/devkitarm/bin/../lib/gcc/arm-none-eabi/10.2.0/../../../../arm-none-eabi/lib/thumb\libg.a(lib_a-sprintf.o)
                0x0000000002012cb0                sprintf
 .text.__sread  0x0000000002012cf0       0x34 c:/devkitpro/devkitarm/bin/../lib/gcc/arm-none-eabi/10.2.0/../../../../arm-none-eabi/lib/thumb\libg.a(lib_a-stdio.o)
                0x0000000002012cf0                __sread
 .text.__seofread
                0x0000000002012d24        0x4 c:/devkitpro/devkitarm/bin/../lib/gcc/arm-none-eabi/10.2.0/../../../../arm-none-eabi/lib/thumb\libg.a(lib_a-stdio.o)
                0x0000000002012d24                __seofread
 .text.__swrite
                0x0000000002012d28       0x54 c:/devkitpro/devkitarm/bin/../lib/gcc/arm-none-eabi/10.2.0/../../../../arm-none-eabi/lib/thumb\libg.a(lib_a-stdio.o)
                0x0000000002012d28                __swrite
 .text.__sseek  0x0000000002012d7c       0x40 c:/devkitpro/devkitarm/bin/../lib/gcc/arm-none-eabi/10.2.0/../../../../arm-none-eabi/lib/thumb\libg.a(lib_a-stdio.o)
                0x0000000002012d7c                __sseek
 .text.__sclose
                0x0000000002012dbc       0x10 c:/devkitpro/devkitarm/bin/../lib/gcc/arm-none-eabi/10.2.0/../../../../arm-none-eabi/lib/thumb\libg.a(lib_a-stdio.o)
                0x0000000002012dbc                __sclose
 .text.stpcpy   0x0000000002012dcc       0x50 c:/devkitpro/devkitarm/bin/../lib/gcc/arm-none-eabi/10.2.0/../../../../arm-none-eabi/lib/thumb\libg.a(lib_a-stpcpy.o)
                0x0000000002012dcc                stpcpy
 .text.strcasecmp
                0x0000000002012e1c       0x48 c:/devkitpro/devkitarm/bin/../lib/gcc/arm-none-eabi/10.2.0/../../../../arm-none-eabi/lib/thumb\libg.a(lib_a-strcasecmp.o)
                0x0000000002012e1c                strcasecmp
 .text.strchr   0x0000000002012e64       0xc8 c:/devkitpro/devkitarm/bin/../lib/gcc/arm-none-eabi/10.2.0/../../../../arm-none-eabi/lib/thumb\libg.a(lib_a-strchr.o)
                0x0000000002012e64                strchr
 .text.strcpy   0x0000000002012f2c       0x10 c:/devkitpro/devkitarm/bin/../lib/gcc/arm-none-eabi/10.2.0/../../../../arm-none-eabi/lib/thumb\libg.a(lib_a-strcpy.o)
                0x0000000002012f2c                strcpy
 .text.strdup   0x0000000002012f3c       0x14 c:/devkitpro/devkitarm/bin/../lib/gcc/arm-none-eabi/10.2.0/../../../../arm-none-eabi/lib/thumb\libg.a(lib_a-strdup.o)
                0x0000000002012f3c                strdup
 .text._strdup_r
                0x0000000002012f50       0x2c c:/devkitpro/devkitarm/bin/../lib/gcc/arm-none-eabi/10.2.0/../../../../arm-none-eabi/lib/thumb\libg.a(lib_a-strdup_r.o)
                0x0000000002012f50                _strdup_r
 .text.strlen   0x0000000002012f7c       0x60 c:/devkitpro/devkitarm/bin/../lib/gcc/arm-none-eabi/10.2.0/../../../../arm-none-eabi/lib/thumb\libg.a(lib_a-strlen-stub.o)
                0x0000000002012f7c                strlen
 .text.strncasecmp
                0x0000000002012fdc       0x54 c:/devkitpro/devkitarm/bin/../lib/gcc/arm-none-eabi/10.2.0/../../../../arm-none-eabi/lib/thumb\libg.a(lib_a-strncasecmp.o)
                0x0000000002012fdc                strncasecmp
 .text.strncmp  0x0000000002013030       0x78 c:/devkitpro/devkitarm/bin/../lib/gcc/arm-none-eabi/10.2.0/../../../../arm-none-eabi/lib/thumb\libg.a(lib_a-strncmp.o)
                0x0000000002013030                strncmp
 .text.strncpy  0x00000000020130a8       0x74 c:/devkitpro/devkitarm/bin/../lib/gcc/arm-none-eabi/10.2.0/../../../../arm-none-eabi/lib/thumb\libg.a(lib_a-strncpy.o)
                0x00000000020130a8                strncpy
 .text.strnlen  0x000000000201311c       0x28 c:/devkitpro/devkitarm/bin/../lib/gcc/arm-none-eabi/10.2.0/../../../../arm-none-eabi/lib/thumb\libg.a(lib_a-strnlen.o)
                0x000000000201311c                strnlen
 .text.strpbrk  0x0000000002013144       0x40 c:/devkitpro/devkitarm/bin/../lib/gcc/arm-none-eabi/10.2.0/../../../../arm-none-eabi/lib/thumb\libg.a(lib_a-strpbrk.o)
                0x0000000002013144                strpbrk
 .text.strrchr  0x0000000002013184       0x2c c:/devkitpro/devkitarm/bin/../lib/gcc/arm-none-eabi/10.2.0/../../../../arm-none-eabi/lib/thumb\libg.a(lib_a-strrchr.o)
                0x0000000002013184                strrchr
 .text._strtol_l.part.0
                0x00000000020131b0      0x150 c:/devkitpro/devkitarm/bin/../lib/gcc/arm-none-eabi/10.2.0/../../../../arm-none-eabi/lib/thumb\libg.a(lib_a-strtol.o)
 .text._strtol_r
                0x0000000002013300       0x20 c:/devkitpro/devkitarm/bin/../lib/gcc/arm-none-eabi/10.2.0/../../../../arm-none-eabi/lib/thumb\libg.a(lib_a-strtol.o)
                0x0000000002013300                _strtol_r
 .text.get_arg  0x0000000002013320       0x32 c:/devkitpro/devkitarm/bin/../lib/gcc/arm-none-eabi/10.2.0/../../../../arm-none-eabi/lib/thumb\libg.a(lib_a-svfiscanf.o)
 .text._sungetc_r
                0x0000000002013352       0x7e c:/devkitpro/devkitarm/bin/../lib/gcc/arm-none-eabi/10.2.0/../../../../arm-none-eabi/lib/thumb\libg.a(lib_a-svfiscanf.o)
                0x0000000002013352                _sungetc_r
 .text.__ssrefill_r
                0x00000000020133d0       0x42 c:/devkitpro/devkitarm/bin/../lib/gcc/arm-none-eabi/10.2.0/../../../../arm-none-eabi/lib/thumb\libg.a(lib_a-svfiscanf.o)
                0x00000000020133d0                __ssrefill_r
 .text._sfread_r
                0x0000000002013412       0x8a c:/devkitpro/devkitarm/bin/../lib/gcc/arm-none-eabi/10.2.0/../../../../arm-none-eabi/lib/thumb\libg.a(lib_a-svfiscanf.o)
                0x0000000002013412                _sfread_r
 .text.__ssvfiscanf_r
                0x000000000201349c     0x1b6c c:/devkitpro/devkitarm/bin/../lib/gcc/arm-none-eabi/10.2.0/../../../../arm-none-eabi/lib/thumb\libg.a(lib_a-svfiscanf.o)
                0x000000000201349c                __ssvfiscanf_r
 .text.get_arg  0x0000000002015008      0x3f0 c:/devkitpro/devkitarm/bin/../lib/gcc/arm-none-eabi/10.2.0/../../../../arm-none-eabi/lib/thumb\libg.a(lib_a-svfprintf.o)
 .text._svfprintf_r
                0x00000000020153f8     0x2498 c:/devkitpro/devkitarm/bin/../lib/gcc/arm-none-eabi/10.2.0/../../../../arm-none-eabi/lib/thumb\libg.a(lib_a-svfprintf.o)
                0x00000000020153f8                _svfprintf_r
 .text.lseek    0x0000000002017890       0x24 c:/devkitpro/devkitarm/bin/../lib/gcc/arm-none-eabi/10.2.0/../../../../arm-none-eabi/lib/thumb\libg.a(lib_a-syslseek.o)
                0x0000000002017890                lseek
 .text.open     0x00000000020178b4       0x28 c:/devkitpro/devkitarm/bin/../lib/gcc/arm-none-eabi/10.2.0/../../../../arm-none-eabi/lib/thumb\libg.a(lib_a-sysopen.o)
                0x00000000020178b4                open
 .text.read     0x00000000020178dc       0x1c c:/devkitpro/devkitarm/bin/../lib/gcc/arm-none-eabi/10.2.0/../../../../arm-none-eabi/lib/thumb\libg.a(lib_a-sysread.o)
                0x00000000020178dc                read
 .text.time     0x00000000020178f8       0x34 c:/devkitpro/devkitarm/bin/../lib/gcc/arm-none-eabi/10.2.0/../../../../arm-none-eabi/lib/thumb\libg.a(lib_a-time.o)
                0x00000000020178f8                time
 .text.towlower
                0x000000000201792c       0x10 c:/devkitpro/devkitarm/bin/../lib/gcc/arm-none-eabi/10.2.0/../../../../arm-none-eabi/lib/thumb\libg.a(lib_a-towlower.o)
                0x000000000201792c                towlower
 .text.towupper
                0x000000000201793c       0x10 c:/devkitpro/devkitarm/bin/../lib/gcc/arm-none-eabi/10.2.0/../../../../arm-none-eabi/lib/thumb\libg.a(lib_a-towupper.o)
                0x000000000201793c                towupper
 .text.__tzcalc_limits
                0x000000000201794c      0x1a8 c:/devkitpro/devkitarm/bin/../lib/gcc/arm-none-eabi/10.2.0/../../../../arm-none-eabi/lib/thumb\libg.a(lib_a-tzcalc_limits.o)
                0x000000000201794c                __tzcalc_limits
 .text.__tz_lock
                0x0000000002017af4       0x14 c:/devkitpro/devkitarm/bin/../lib/gcc/arm-none-eabi/10.2.0/../../../../arm-none-eabi/lib/thumb\libg.a(lib_a-tzlock.o)
                0x0000000002017af4                __tz_lock
 .text.__tz_unlock
                0x0000000002017b08       0x14 c:/devkitpro/devkitarm/bin/../lib/gcc/arm-none-eabi/10.2.0/../../../../arm-none-eabi/lib/thumb\libg.a(lib_a-tzlock.o)
                0x0000000002017b08                __tz_unlock
 .text._tzset_unlocked
                0x0000000002017b1c       0x10 c:/devkitpro/devkitarm/bin/../lib/gcc/arm-none-eabi/10.2.0/../../../../arm-none-eabi/lib/thumb\libg.a(lib_a-tzset.o)
                0x0000000002017b1c                _tzset_unlocked
 .text._tzset_unlocked_r
                0x0000000002017b2c      0x360 c:/devkitpro/devkitarm/bin/../lib/gcc/arm-none-eabi/10.2.0/../../../../arm-none-eabi/lib/thumb\libg.a(lib_a-tzset_r.o)
                0x0000000002017b2c                _tzset_unlocked_r
 .text.__submore
                0x0000000002017e8c       0x88 c:/devkitpro/devkitarm/bin/../lib/gcc/arm-none-eabi/10.2.0/../../../../arm-none-eabi/lib/thumb\libg.a(lib_a-ungetc.o)
                0x0000000002017e8c                __submore
 .text.get_arg  0x0000000002017f14      0x3f0 c:/devkitpro/devkitarm/bin/../lib/gcc/arm-none-eabi/10.2.0/../../../../arm-none-eabi/lib/thumb\libg.a(lib_a-vfiprintf.o)
 .text.__sprint_r
                0x0000000002018304       0x20 c:/devkitpro/devkitarm/bin/../lib/gcc/arm-none-eabi/10.2.0/../../../../arm-none-eabi/lib/thumb\libg.a(lib_a-vfiprintf.o)
                0x0000000002018304                __sprint_r
 .text._vfiprintf_r
                0x0000000002018324     0x1800 c:/devkitpro/devkitarm/bin/../lib/gcc/arm-none-eabi/10.2.0/../../../../arm-none-eabi/lib/thumb\libg.a(lib_a-vfiprintf.o)
                0x0000000002018324                _vfiprintf_r
 .text.__sbprintf
                0x0000000002019b24       0x8c c:/devkitpro/devkitarm/bin/../lib/gcc/arm-none-eabi/10.2.0/../../../../arm-none-eabi/lib/thumb\libg.a(lib_a-vfiprintf.o)
 .text._wcrtomb_r
                0x0000000002019bb0       0x5c c:/devkitpro/devkitarm/bin/../lib/gcc/arm-none-eabi/10.2.0/../../../../arm-none-eabi/lib/thumb\libg.a(lib_a-wcrtomb.o)
                0x0000000002019bb0                _wcrtomb_r
 .text.wcrtomb  0x0000000002019c0c       0x74 c:/devkitpro/devkitarm/bin/../lib/gcc/arm-none-eabi/10.2.0/../../../../arm-none-eabi/lib/thumb\libg.a(lib_a-wcrtomb.o)
                0x0000000002019c0c                wcrtomb
 .text._wcsrtombs_r
                0x0000000002019c80       0x1c c:/devkitpro/devkitarm/bin/../lib/gcc/arm-none-eabi/10.2.0/../../../../arm-none-eabi/lib/thumb\libg.a(lib_a-wcsrtombs.o)
                0x0000000002019c80                _wcsrtombs_r
 .text.wctob    0x0000000002019c9c       0x48 c:/devkitpro/devkitarm/bin/../lib/gcc/arm-none-eabi/10.2.0/../../../../arm-none-eabi/lib/thumb\libg.a(lib_a-wctob.o)
                0x0000000002019c9c                wctob
 .text.__utf8_wctomb
                0x0000000002019ce4       0xb4 c:/devkitpro/devkitarm/bin/../lib/gcc/arm-none-eabi/10.2.0/../../../../arm-none-eabi/lib/thumb\libg.a(lib_a-wctomb_r.o)
                0x0000000002019ce4                __utf8_wctomb
 .text.__swsetup_r
                0x0000000002019d98       0xe4 c:/devkitpro/devkitarm/bin/../lib/gcc/arm-none-eabi/10.2.0/../../../../arm-none-eabi/lib/thumb\libg.a(lib_a-wsetup.o)
                0x0000000002019d98                __swsetup_r
 .text.div      0x0000000002019e7c       0x34 c:/devkitpro/devkitarm/bin/../lib/gcc/arm-none-eabi/10.2.0/../../../../arm-none-eabi/lib/thumb\libg.a(lib_a-div.o)
                0x0000000002019e7c                div
 .text.quorem   0x0000000002019eb0      0x14c c:/devkitpro/devkitarm/bin/../lib/gcc/arm-none-eabi/10.2.0/../../../../arm-none-eabi/lib/thumb\libg.a(lib_a-dtoa.o)
 .text._dtoa_r  0x0000000002019ffc      0xff0 c:/devkitpro/devkitarm/bin/../lib/gcc/arm-none-eabi/10.2.0/../../../../arm-none-eabi/lib/thumb\libg.a(lib_a-dtoa.o)
                0x0000000002019ffc                _dtoa_r
 .text.__errno  0x000000000201afec        0xc c:/devkitpro/devkitarm/bin/../lib/gcc/arm-none-eabi/10.2.0/../../../../arm-none-eabi/lib/thumb\libg.a(lib_a-errno.o)
                0x000000000201afec                __errno
 .text.__sflags
                0x000000000201aff8       0xa4 c:/devkitpro/devkitarm/bin/../lib/gcc/arm-none-eabi/10.2.0/../../../../arm-none-eabi/lib/thumb\libg.a(lib_a-flags.o)
                0x000000000201aff8                __sflags
 .text.__sfvwrite_r
                0x000000000201b09c      0x324 c:/devkitpro/devkitarm/bin/../lib/gcc/arm-none-eabi/10.2.0/../../../../arm-none-eabi/lib/thumb\libg.a(lib_a-fvwrite.o)
                0x000000000201b09c                __sfvwrite_r
 .text._findenv_r
                0x000000000201b3c0       0x94 c:/devkitpro/devkitarm/bin/../lib/gcc/arm-none-eabi/10.2.0/../../../../arm-none-eabi/lib/thumb\libg.a(lib_a-getenv_r.o)
                0x000000000201b3c0                _findenv_r
 .text._getenv_r
                0x000000000201b454       0x10 c:/devkitpro/devkitarm/bin/../lib/gcc/arm-none-eabi/10.2.0/../../../../arm-none-eabi/lib/thumb\libg.a(lib_a-getenv_r.o)
                0x000000000201b454                _getenv_r
 .text.__gettzinfo
                0x000000000201b464        0x8 c:/devkitpro/devkitarm/bin/../lib/gcc/arm-none-eabi/10.2.0/../../../../arm-none-eabi/lib/thumb\libg.a(lib_a-gettzinfo.o)
                0x000000000201b464                __gettzinfo
 .text.gmtime_r
                0x000000000201b46c      0x1d8 c:/devkitpro/devkitarm/bin/../lib/gcc/arm-none-eabi/10.2.0/../../../../arm-none-eabi/lib/thumb\libg.a(lib_a-gmtime_r.o)
                0x000000000201b46c                gmtime_r
 .text.iswspace
                0x000000000201b644       0x10 c:/devkitpro/devkitarm/bin/../lib/gcc/arm-none-eabi/10.2.0/../../../../arm-none-eabi/lib/thumb\libg.a(lib_a-iswspace.o)
                0x000000000201b644                iswspace
 .text._localeconv_r
                0x000000000201b654        0x8 c:/devkitpro/devkitarm/bin/../lib/gcc/arm-none-eabi/10.2.0/../../../../arm-none-eabi/lib/thumb\libg.a(lib_a-localeconv.o)
                0x000000000201b654                _localeconv_r
 .text._mbsnrtowcs_r
                0x000000000201b65c       0xc0 c:/devkitpro/devkitarm/bin/../lib/gcc/arm-none-eabi/10.2.0/../../../../arm-none-eabi/lib/thumb\libg.a(lib_a-mbsnrtowcs.o)
                0x000000000201b65c                _mbsnrtowcs_r
 .text.memchr   0x000000000201b71c       0x78 c:/devkitpro/devkitarm/bin/../lib/gcc/arm-none-eabi/10.2.0/../../../../arm-none-eabi/lib/thumb\libg.a(lib_a-memchr-stub.o)
                0x000000000201b71c                memchr
 .text._Balloc  0x000000000201b794       0x54 c:/devkitpro/devkitarm/bin/../lib/gcc/arm-none-eabi/10.2.0/../../../../arm-none-eabi/lib/thumb\libg.a(lib_a-mprec.o)
                0x000000000201b794                _Balloc
 .text._Bfree   0x000000000201b7e8       0x14 c:/devkitpro/devkitarm/bin/../lib/gcc/arm-none-eabi/10.2.0/../../../../arm-none-eabi/lib/thumb\libg.a(lib_a-mprec.o)
                0x000000000201b7e8                _Bfree
 .text.__multadd
                0x000000000201b7fc       0xac c:/devkitpro/devkitarm/bin/../lib/gcc/arm-none-eabi/10.2.0/../../../../arm-none-eabi/lib/thumb\libg.a(lib_a-mprec.o)
                0x000000000201b7fc                __multadd
 .text.__hi0bits
                0x000000000201b8a8       0x38 c:/devkitpro/devkitarm/bin/../lib/gcc/arm-none-eabi/10.2.0/../../../../arm-none-eabi/lib/thumb\libg.a(lib_a-mprec.o)
                0x000000000201b8a8                __hi0bits
 .text.__lo0bits
                0x000000000201b8e0       0x5c c:/devkitpro/devkitarm/bin/../lib/gcc/arm-none-eabi/10.2.0/../../../../arm-none-eabi/lib/thumb\libg.a(lib_a-mprec.o)
                0x000000000201b8e0                __lo0bits
 .text.__i2b    0x000000000201b93c       0x64 c:/devkitpro/devkitarm/bin/../lib/gcc/arm-none-eabi/10.2.0/../../../../arm-none-eabi/lib/thumb\libg.a(lib_a-mprec.o)
                0x000000000201b93c                __i2b
 .text.__multiply
                0x000000000201b9a0      0x1a8 c:/devkitpro/devkitarm/bin/../lib/gcc/arm-none-eabi/10.2.0/../../../../arm-none-eabi/lib/thumb\libg.a(lib_a-mprec.o)
                0x000000000201b9a0                __multiply
 .text.__pow5mult
                0x000000000201bb48       0xdc c:/devkitpro/devkitarm/bin/../lib/gcc/arm-none-eabi/10.2.0/../../../../arm-none-eabi/lib/thumb\libg.a(lib_a-mprec.o)
                0x000000000201bb48                __pow5mult
 .text.__lshift
                0x000000000201bc24      0x100 c:/devkitpro/devkitarm/bin/../lib/gcc/arm-none-eabi/10.2.0/../../../../arm-none-eabi/lib/thumb\libg.a(lib_a-mprec.o)
                0x000000000201bc24                __lshift
 .text.__mcmp   0x000000000201bd24       0x38 c:/devkitpro/devkitarm/bin/../lib/gcc/arm-none-eabi/10.2.0/../../../../arm-none-eabi/lib/thumb\libg.a(lib_a-mprec.o)
                0x000000000201bd24                __mcmp
 .text.__mdiff  0x000000000201bd5c      0x190 c:/devkitpro/devkitarm/bin/../lib/gcc/arm-none-eabi/10.2.0/../../../../arm-none-eabi/lib/thumb\libg.a(lib_a-mprec.o)
                0x000000000201bd5c                __mdiff
 .text.__d2b    0x000000000201beec       0xdc c:/devkitpro/devkitarm/bin/../lib/gcc/arm-none-eabi/10.2.0/../../../../arm-none-eabi/lib/thumb\libg.a(lib_a-mprec.o)
                0x000000000201beec                __d2b
 .text.__sccl   0x000000000201bfc8       0x90 c:/devkitpro/devkitarm/bin/../lib/gcc/arm-none-eabi/10.2.0/../../../../arm-none-eabi/lib/thumb\libg.a(lib_a-sccl.o)
                0x000000000201bfc8                __sccl
 .text.frexp    0x000000000201c058       0x68 c:/devkitpro/devkitarm/bin/../lib/gcc/arm-none-eabi/10.2.0/../../../../arm-none-eabi/lib/thumb\libg.a(lib_a-s_frexp.o)
                0x000000000201c058                frexp
 .text._strtoll_l.constprop.0
                0x000000000201c0c0      0x1ac c:/devkitpro/devkitarm/bin/../lib/gcc/arm-none-eabi/10.2.0/../../../../arm-none-eabi/lib/thumb\libg.a(lib_a-strtoll.o)
 .text._strtoll_r
                0x000000000201c26c        0xc c:/devkitpro/devkitarm/bin/../lib/gcc/arm-none-eabi/10.2.0/../../../../arm-none-eabi/lib/thumb\libg.a(lib_a-strtoll.o)
                0x000000000201c26c                _strtoll_r
 .text._strtoull_l.constprop.0
                0x000000000201c278      0x1c8 c:/devkitpro/devkitarm/bin/../lib/gcc/arm-none-eabi/10.2.0/../../../../arm-none-eabi/lib/thumb\libg.a(lib_a-strtoull.o)
 .text._strtoull_r
                0x000000000201c440        0xc c:/devkitpro/devkitarm/bin/../lib/gcc/arm-none-eabi/10.2.0/../../../../arm-none-eabi/lib/thumb\libg.a(lib_a-strtoull.o)
                0x000000000201c440                _strtoull_r
 .text._strtoul_l.constprop.0
                0x000000000201c44c      0x148 c:/devkitpro/devkitarm/bin/../lib/gcc/arm-none-eabi/10.2.0/../../../../arm-none-eabi/lib/thumb\libg.a(lib_a-strtoul.o)
 .text._strtoul_r
                0x000000000201c594        0xc c:/devkitpro/devkitarm/bin/../lib/gcc/arm-none-eabi/10.2.0/../../../../arm-none-eabi/lib/thumb\libg.a(lib_a-strtoul.o)
                0x000000000201c594                _strtoul_r
 .text.strtoul  0x000000000201c5a0       0x1c c:/devkitpro/devkitarm/bin/../lib/gcc/arm-none-eabi/10.2.0/../../../../arm-none-eabi/lib/thumb\libg.a(lib_a-strtoul.o)
                0x000000000201c5a0                strtoul
 .text.__ssprint_r
                0x000000000201c5bc      0x124 c:/devkitpro/devkitarm/bin/../lib/gcc/arm-none-eabi/10.2.0/../../../../arm-none-eabi/lib/thumb\libg.a(lib_a-svfiprintf.o)
                0x000000000201c5bc                __ssprint_r
 .text.towctrans
                0x000000000201c6e0       0x28 c:/devkitpro/devkitarm/bin/../lib/gcc/arm-none-eabi/10.2.0/../../../../arm-none-eabi/lib/thumb\libg.a(lib_a-towctrans.o)
                0x000000000201c6e0                towctrans
 .text._wcsnrtombs_l
                0x000000000201c708      0x138 c:/devkitpro/devkitarm/bin/../lib/gcc/arm-none-eabi/10.2.0/../../../../arm-none-eabi/lib/thumb\libg.a(lib_a-wcsnrtombs.o)
                0x000000000201c708                _wcsnrtombs_l
 .text._wcsnrtombs_r
                0x000000000201c840       0x30 c:/devkitpro/devkitarm/bin/../lib/gcc/arm-none-eabi/10.2.0/../../../../arm-none-eabi/lib/thumb\libg.a(lib_a-wcsnrtombs.o)
                0x000000000201c840                _wcsnrtombs_r
 .text.__assert_func
                0x000000000201c870       0x40 c:/devkitpro/devkitarm/bin/../lib/gcc/arm-none-eabi/10.2.0/../../../../arm-none-eabi/lib/thumb\libg.a(lib_a-assert.o)
                0x000000000201c870                __assert_func
 .text.__env_lock
                0x000000000201c8b0       0x14 c:/devkitpro/devkitarm/bin/../lib/gcc/arm-none-eabi/10.2.0/../../../../arm-none-eabi/lib/thumb\libg.a(lib_a-envlock.o)
                0x000000000201c8b0                __env_lock
 .text.__env_unlock
                0x000000000201c8c4       0x14 c:/devkitpro/devkitarm/bin/../lib/gcc/arm-none-eabi/10.2.0/../../../../arm-none-eabi/lib/thumb\libg.a(lib_a-envlock.o)
                0x000000000201c8c4                __env_unlock
 .text.fiprintf
                0x000000000201c8d8       0x28 c:/devkitpro/devkitarm/bin/../lib/gcc/arm-none-eabi/10.2.0/../../../../arm-none-eabi/lib/thumb\libg.a(lib_a-fiprintf.o)
                0x000000000201c8d8                fiprintf
 .text.iswspace_l
                0x000000000201c900       0x2c c:/devkitpro/devkitarm/bin/../lib/gcc/arm-none-eabi/10.2.0/../../../../arm-none-eabi/lib/thumb\libg.a(lib_a-iswspace_l.o)
                0x000000000201c900                iswspace_l
 .text.__jp2uc  0x000000000201c92c      0x164 c:/devkitpro/devkitarm/bin/../lib/gcc/arm-none-eabi/10.2.0/../../../../arm-none-eabi/lib/thumb\libg.a(lib_a-jp2uc.o)
 .text._jp2uc_l
                0x000000000201ca90       0x6c c:/devkitpro/devkitarm/bin/../lib/gcc/arm-none-eabi/10.2.0/../../../../arm-none-eabi/lib/thumb\libg.a(lib_a-jp2uc.o)
                0x000000000201ca90                _jp2uc_l
 .text._uc2jp_l
                0x000000000201cafc       0x4c c:/devkitpro/devkitarm/bin/../lib/gcc/arm-none-eabi/10.2.0/../../../../arm-none-eabi/lib/thumb\libg.a(lib_a-jp2uc.o)
                0x000000000201cafc                _uc2jp_l
 .text.towctrans_l
                0x000000000201cb48      0x1b4 c:/devkitpro/devkitarm/bin/../lib/gcc/arm-none-eabi/10.2.0/../../../../arm-none-eabi/lib/thumb\libg.a(lib_a-towctrans_l.o)
                0x000000000201cb48                towctrans_l
 .text.abort    0x000000000201ccfc       0x10 c:/devkitpro/devkitarm/bin/../lib/gcc/arm-none-eabi/10.2.0/../../../../arm-none-eabi/lib/thumb\libg.a(lib_a-abort.o)
                0x000000000201ccfc                abort
 .text.category
                0x000000000201cd0c       0x54 c:/devkitpro/devkitarm/bin/../lib/gcc/arm-none-eabi/10.2.0/../../../../arm-none-eabi/lib/thumb\libg.a(lib_a-categories.o)
                0x000000000201cd0c                category
 .text._raise_r
                0x000000000201cd60       0x64 c:/devkitpro/devkitarm/bin/../lib/gcc/arm-none-eabi/10.2.0/../../../../arm-none-eabi/lib/thumb\libg.a(lib_a-signal.o)
                0x000000000201cd60                _raise_r
 .text.raise    0x000000000201cdc4       0x14 c:/devkitpro/devkitarm/bin/../lib/gcc/arm-none-eabi/10.2.0/../../../../arm-none-eabi/lib/thumb\libg.a(lib_a-signal.o)
                0x000000000201cdc4                raise
 .text.null_write
                0x000000000201cdd8        0x4 c:/devkitpro/devkitarm/bin/../lib/gcc/arm-none-eabi/10.2.0/../../../../arm-none-eabi/lib/thumb\libsysbase.a(iosupport.o)
 .text.setDefaultDevice
                0x000000000201cddc       0x10 c:/devkitpro/devkitarm/bin/../lib/gcc/arm-none-eabi/10.2.0/../../../../arm-none-eabi/lib/thumb\libsysbase.a(iosupport.o)
                0x000000000201cddc                setDefaultDevice
 .text.FindDevice
                0x000000000201cdec       0x98 c:/devkitpro/devkitarm/bin/../lib/gcc/arm-none-eabi/10.2.0/../../../../arm-none-eabi/lib/thumb\libsysbase.a(iosupport.o)
                0x000000000201cdec                FindDevice
 .text.AddDevice
                0x000000000201ce84       0x78 c:/devkitpro/devkitarm/bin/../lib/gcc/arm-none-eabi/10.2.0/../../../../arm-none-eabi/lib/thumb\libsysbase.a(iosupport.o)
                0x000000000201ce84                AddDevice
 .text.GetDeviceOpTab
                0x000000000201cefc       0x20 c:/devkitpro/devkitarm/bin/../lib/gcc/arm-none-eabi/10.2.0/../../../../arm-none-eabi/lib/thumb\libsysbase.a(iosupport.o)
                0x000000000201cefc                GetDeviceOpTab
 .text._fstat_r
                0x000000000201cf1c       0x4c c:/devkitpro/devkitarm/bin/../lib/gcc/arm-none-eabi/10.2.0/../../../../arm-none-eabi/lib/thumb\libsysbase.a(fstat.o)
                0x000000000201cf1c                _fstat_r
 .text._getpid_r
                0x000000000201cf68        0xc c:/devkitpro/devkitarm/bin/../lib/gcc/arm-none-eabi/10.2.0/../../../../arm-none-eabi/lib/thumb\libsysbase.a(getpid.o)
                0x000000000201cf68                _getpid_r
 .text._gettimeofday_r
                0x000000000201cf74       0x28 c:/devkitpro/devkitarm/bin/../lib/gcc/arm-none-eabi/10.2.0/../../../../arm-none-eabi/lib/thumb\libsysbase.a(gettod.o)
                0x000000000201cf74                _gettimeofday_r
 .text._isatty_r
                0x000000000201cf9c        0x4 c:/devkitpro/devkitarm/bin/../lib/gcc/arm-none-eabi/10.2.0/../../../../arm-none-eabi/lib/thumb\libsysbase.a(isatty.o)
                0x000000000201cf9c                _isatty_r
 .text._kill_r  0x000000000201cfa0        0xc c:/devkitpro/devkitarm/bin/../lib/gcc/arm-none-eabi/10.2.0/../../../../arm-none-eabi/lib/thumb\libsysbase.a(kill.o)
                0x000000000201cfa0                _kill_r
 .text._lseek_r
                0x000000000201cfac       0x5c c:/devkitpro/devkitarm/bin/../lib/gcc/arm-none-eabi/10.2.0/../../../../arm-none-eabi/lib/thumb\libsysbase.a(lseek.o)
                0x000000000201cfac                _lseek_r
 .text._open_r  0x000000000201d008       0x9c c:/devkitpro/devkitarm/bin/../lib/gcc/arm-none-eabi/10.2.0/../../../../arm-none-eabi/lib/thumb\libsysbase.a(open.o)
                0x000000000201d008                _open_r
 .text._read_r  0x000000000201d0a4       0x50 c:/devkitpro/devkitarm/bin/../lib/gcc/arm-none-eabi/10.2.0/../../../../arm-none-eabi/lib/thumb\libsysbase.a(read.o)
                0x000000000201d0a4                _read_r
 .text._sbrk_r  0x000000000201d0f4       0x54 c:/devkitpro/devkitarm/bin/../lib/gcc/arm-none-eabi/10.2.0/../../../../arm-none-eabi/lib/thumb\libsysbase.a(sbrk.o)
                0x000000000201d0f4                _sbrk_r
 .text._write_r
                0x000000000201d148       0x50 c:/devkitpro/devkitarm/bin/../lib/gcc/arm-none-eabi/10.2.0/../../../../arm-none-eabi/lib/thumb\libsysbase.a(write.o)
                0x000000000201d148                _write_r
 .text._exit    0x000000000201d198       0x18 c:/devkitpro/devkitarm/bin/../lib/gcc/arm-none-eabi/10.2.0/../../../../arm-none-eabi/lib/thumb\libsysbase.a(_exit.o)
                0x000000000201d198                _exit
 .text._concatenate_path
                0x000000000201d1b0      0x128 c:/devkitpro/devkitarm/bin/../lib/gcc/arm-none-eabi/10.2.0/../../../../arm-none-eabi/lib/thumb\libsysbase.a(chdir.o)
                0x000000000201d1b0                _concatenate_path
 .text.chdir    0x000000000201d2d8       0xec c:/devkitpro/devkitarm/bin/../lib/gcc/arm-none-eabi/10.2.0/../../../../arm-none-eabi/lib/thumb\libsysbase.a(chdir.o)
                0x000000000201d2d8                chdir
 .text.getcwd   0x000000000201d3c4       0x60 c:/devkitpro/devkitarm/bin/../lib/gcc/arm-none-eabi/10.2.0/../../../../arm-none-eabi/lib/thumb\libsysbase.a(chdir.o)
                0x000000000201d3c4                getcwd
 .text.build_argv
                0x000000000201d424       0x4c c:/devkitpro/devkitarm/bin/../lib/gcc/arm-none-eabi/10.2.0/../../../../arm-none-eabi/lib/thumb\libsysbase.a(build_argv.o)
                0x000000000201d424                build_argv
 .text.__flockfile
                0x000000000201d470       0x10 c:/devkitpro/devkitarm/bin/../lib/gcc/arm-none-eabi/10.2.0/../../../../arm-none-eabi/lib/thumb\libsysbase.a(flock.o)
                0x000000000201d470                __flockfile
 .text.__funlockfile
                0x000000000201d480       0x10 c:/devkitpro/devkitarm/bin/../lib/gcc/arm-none-eabi/10.2.0/../../../../arm-none-eabi/lib/thumb\libsysbase.a(flock.o)
                0x000000000201d480                __funlockfile
 .text.__libc_lock_acquire
                0x000000000201d490       0x1c c:/devkitpro/devkitarm/bin/../lib/gcc/arm-none-eabi/10.2.0/../../../../arm-none-eabi/lib/thumb\libsysbase.a(syscall_support.o)
                0x000000000201d490                __libc_lock_acquire
 .text.__libc_lock_release
                0x000000000201d4ac       0x1c c:/devkitpro/devkitarm/bin/../lib/gcc/arm-none-eabi/10.2.0/../../../../arm-none-eabi/lib/thumb\libsysbase.a(syscall_support.o)
                0x000000000201d4ac                __libc_lock_release
 .text.__libc_lock_init_recursive
                0x000000000201d4c8       0x1c c:/devkitpro/devkitarm/bin/../lib/gcc/arm-none-eabi/10.2.0/../../../../arm-none-eabi/lib/thumb\libsysbase.a(syscall_support.o)
                0x000000000201d4c8                __libc_lock_init_recursive
 .text.__libc_lock_acquire_recursive
                0x000000000201d4e4       0x1c c:/devkitpro/devkitarm/bin/../lib/gcc/arm-none-eabi/10.2.0/../../../../arm-none-eabi/lib/thumb\libsysbase.a(syscall_support.o)
                0x000000000201d4e4                __libc_lock_acquire_recursive
 .text.__libc_lock_release_recursive
                0x000000000201d500       0x1c c:/devkitpro/devkitarm/bin/../lib/gcc/arm-none-eabi/10.2.0/../../../../arm-none-eabi/lib/thumb\libsysbase.a(syscall_support.o)
                0x000000000201d500                __libc_lock_release_recursive
 .text.__libc_lock_close_recursive
                0x000000000201d51c       0x1c c:/devkitpro/devkitarm/bin/../lib/gcc/arm-none-eabi/10.2.0/../../../../arm-none-eabi/lib/thumb\libsysbase.a(syscall_support.o)
                0x000000000201d51c                __libc_lock_close_recursive
 .text.__release_handle
                0x000000000201d538       0x68 c:/devkitpro/devkitarm/bin/../lib/gcc/arm-none-eabi/10.2.0/../../../../arm-none-eabi/lib/thumb\libsysbase.a(handle_manager.o)
                0x000000000201d538                __release_handle
 .text.__alloc_handle
                0x000000000201d5a0       0x80 c:/devkitpro/devkitarm/bin/../lib/gcc/arm-none-eabi/10.2.0/../../../../arm-none-eabi/lib/thumb\libsysbase.a(handle_manager.o)
                0x000000000201d5a0                __alloc_handle
 .text.__get_handle
                0x000000000201d620       0x34 c:/devkitpro/devkitarm/bin/../lib/gcc/arm-none-eabi/10.2.0/../../../../arm-none-eabi/lib/thumb\libsysbase.a(handle_manager.o)
                0x000000000201d620                __get_handle
 .text._close_r
                0x000000000201d654       0xb8 c:/devkitpro/devkitarm/bin/../lib/gcc/arm-none-eabi/10.2.0/../../../../arm-none-eabi/lib/thumb\libsysbase.a(handle_manager.o)
                0x000000000201d654                _close_r
 .text.__getreent
                0x000000000201d70c       0x28 c:/devkitpro/devkitarm/bin/../lib/gcc/arm-none-eabi/10.2.0/../../../../arm-none-eabi/lib/thumb\libsysbase.a(getreent.o)
                0x000000000201d70c                __getreent
 *fill*         0x000000000201d734        0x4 ff
 .text.__getreent.__stub
                0x000000000201d738      0x108 linker stubs
 *(EXCLUDE_FILE(*.twl*) .gnu.warning)
 *(EXCLUDE_FILE(*.twl*) .gnu.linkonce.t*)
 *(.glue_7)
 .glue_7        0x000000000201d850        0x0 linker stubs
 *(.glue_7t)
 .glue_7t       0x000000000201d850        0x0 linker stubs
                0x000000000201d850                . = ALIGN (0x4)

.vfp11_veneer   0x000000000201d850        0x0
 .vfp11_veneer  0x000000000201d850        0x0 linker stubs

.v4_bx          0x000000000201d850        0x0
 .v4_bx         0x000000000201d850        0x0 linker stubs

.iplt           0x000000000201d850        0x0
 .iplt          0x000000000201d850        0x0 c:/devkitpro/devkitarm/bin/../lib/gcc/arm-none-eabi/10.2.0/../../../../arm-none-eabi/lib/thumb/ds_arm9_crt0.o

.fini           0x000000000201d850        0xc
 *(.fini)
 .fini          0x000000000201d850        0x4 c:/devkitpro/devkitarm/bin/../lib/gcc/arm-none-eabi/10.2.0/thumb/crti.o
                0x000000000201d850                _fini
 .fini          0x000000000201d854        0x8 c:/devkitpro/devkitarm/bin/../lib/gcc/arm-none-eabi/10.2.0/thumb/crtn.o
                0x000000000201d85c                __text_end = .

.rodata         0x000000000201d860     0x99a0
 *(EXCLUDE_FILE(*.twl*) .rodata)
 .rodata        0x000000000201d860       0x50 C:/Users/Hugo/Documents/NDS_BritGame/nflib/lib\libnflib.a(nf_basic.o)
 *all.rodata*(*)
 *(EXCLUDE_FILE(*.twl*) .roda)
 *(EXCLUDE_FILE(*.twl*) .rodata.*)
 .rodata.str1.4
                0x000000000201d8b0       0xb4 main.o
 .rodata.str1.4
                0x000000000201d964       0x27 C:/Users/Hugo/Documents/NDS_BritGame/nflib/lib\libnflib.a(nf_2d.o)
                                         0x28 (size before relaxing)
 *fill*         0x000000000201d98b        0x1 ff
 .rodata.str1.4
                0x000000000201d98c      0x613 C:/Users/Hugo/Documents/NDS_BritGame/nflib/lib\libnflib.a(nf_basic.o)
                                        0x628 (size before relaxing)
 *fill*         0x000000000201df9f        0x1 ff
 .rodata.str1.4
                0x000000000201dfa0       0x26 C:/Users/Hugo/Documents/NDS_BritGame/nflib/lib\libnflib.a(nf_sound.o)
                                         0x28 (size before relaxing)
 *fill*         0x000000000201dfc6        0x2 ff
 .rodata.str1.4
                0x000000000201dfc8       0x21 C:/Users/Hugo/Documents/NDS_BritGame/nflib/lib\libnflib.a(nf_text.o)
                                         0x28 (size before relaxing)
 *fill*         0x000000000201dfe9        0x3 ff
 .rodata.str1.4
                0x000000000201dfec       0x4c C:/Users/Hugo/Documents/NDS_BritGame/nflib/lib\libnflib.a(nf_tiledbg.o)
                                         0x6c (size before relaxing)
 .rodata.nitroFSInit.str1.4
                0x000000000201e038        0x8 C:/devkitPro/libnds/lib\libfilesystem.a(nitrofs.o)
 .rodata.str1.4
                0x000000000201e038        0xe C:/devkitPro/libnds/lib\libfilesystem.a(nitrofs.o)
 *fill*         0x000000000201e046        0x2 ff
 .rodata.fatMount.part.0.str1.4
                0x000000000201e048        0x2 C:/devkitPro/libnds/lib\libfat.a(libfat.o)
 *fill*         0x000000000201e04a        0x2 ff
 .rodata.fatInit.str1.4
                0x000000000201e04c        0x3 C:/devkitPro/libnds/lib\libfat.a(libfat.o)
 *fill*         0x000000000201e04f        0x1 ff
 .rodata.str1.4
                0x000000000201e050        0x4 C:/devkitPro/libnds/lib\libfat.a(libfat.o)
 .rodata.dotab_fat
                0x000000000201e054       0x70 C:/devkitPro/libnds/lib\libfat.a(libfat.o)
 .rodata.str1.4
                0x000000000201e0c4        0x3 C:/devkitPro/libnds/lib\libfat.a(disc.o)
                                          0x8 (size before relaxing)
 *fill*         0x000000000201e0c7        0x1 ff
 .rodata._FAT_disc_interfaces
                0x000000000201e0c8       0x18 C:/devkitPro/libnds/lib\libfat.a(disc.o)
                0x000000000201e0c8                _FAT_disc_interfaces
 .rodata._FAT_directory_entryFromPath.str1.4
                0x000000000201e0e0        0x7 C:/devkitPro/libnds/lib\libfat.a(directory.o)
 .rodata.ILLEGAL_ALIAS_CHARACTERS
                0x000000000201e0e0       0x12 C:/devkitPro/libnds/lib\libfat.a(directory.o)
 *fill*         0x000000000201e0f2        0x2 ff
 .rodata.ILLEGAL_LFN_CHARACTERS
                0x000000000201e0f4        0xa C:/devkitPro/libnds/lib\libfat.a(directory.o)
 *fill*         0x000000000201e0fe        0x2 ff
 .rodata.LFN_offset_table
                0x000000000201e100       0x34 C:/devkitPro/libnds/lib\libfat.a(directory.o)
 .rodata.FAT_SIG
                0x000000000201e134        0x3 C:/devkitPro/libnds/lib\libfat.a(partition.o)
 *fill*         0x000000000201e137        0x1 ff
 .rodata.FS_TWL_SIG
                0x000000000201e138        0x8 C:/devkitPro/libnds/lib\libfat.a(partition.o)
 .rodata.con_write.str1.4
                0x000000000201e140       0x30 C:/devkitPro/libnds/lib\libnds9.a(console.o)
 .rodata.con_write
                0x000000000201e170       0xd4 C:/devkitPro/libnds/lib\libnds9.a(console.o)
 .rodata.consoleClear.str1.4
                0x000000000201e244        0x5 C:/devkitPro/libnds/lib\libnds9.a(console.o)
 *fill*         0x000000000201e249        0x3 ff
 .rodata.str1.4
                0x000000000201e24c       0x14 C:/devkitPro/libnds/lib\libnds9.a(console.o)
 .rodata.dotab_stdout
                0x000000000201e260       0x70 C:/devkitPro/libnds/lib\libnds9.a(console.o)
 *fill*         0x000000000201e2d0       0x10 ff
 .rodata.default_font_bin
                0x000000000201e2e0     0x2000 C:/devkitPro/libnds/lib\libnds9.a(default_font.bin.o)
                0x000000000201e2e0                default_font_bin
                0x00000000020202e0                default_font_bin_end
 .rodata.SIN_LUT
                0x00000000020202e0      0x102 C:/devkitPro/libnds/lib\libnds9.a(trig.o)
                0x00000000020202e0                SIN_LUT
 *fill*         0x00000000020203e2        0x2 ff
 .rodata._ctype_
                0x00000000020203e4      0x101 c:/devkitpro/devkitarm/bin/../lib/gcc/arm-none-eabi/10.2.0/../../../../arm-none-eabi/lib/thumb\libg.a(lib_a-ctype_.o)
                0x00000000020203e4                _ctype_
 *fill*         0x00000000020204e5        0x3 ff
 .rodata._global_impure_ptr
                0x00000000020204e8        0x4 c:/devkitpro/devkitarm/bin/../lib/gcc/arm-none-eabi/10.2.0/../../../../arm-none-eabi/lib/thumb\libg.a(lib_a-impure.o)
                0x00000000020204e8                _global_impure_ptr
 .rodata.str1.4
                0x00000000020204ec       0x44 c:/devkitpro/devkitarm/bin/../lib/gcc/arm-none-eabi/10.2.0/../../../../arm-none-eabi/lib/thumb\libg.a(lib_a-locale.o)
                                         0x4c (size before relaxing)
 .rodata._mbrtowc_r.str1.4
                0x0000000002020530        0x1 c:/devkitpro/devkitarm/bin/../lib/gcc/arm-none-eabi/10.2.0/../../../../arm-none-eabi/lib/thumb\libg.a(lib_a-mbrtowc.o)
 .rodata.DAYS_IN_MONTH
                0x0000000002020530       0x30 c:/devkitpro/devkitarm/bin/../lib/gcc/arm-none-eabi/10.2.0/../../../../arm-none-eabi/lib/thumb\libg.a(lib_a-mktime.o)
 .rodata._DAYS_BEFORE_MONTH
                0x0000000002020560       0x30 c:/devkitpro/devkitarm/bin/../lib/gcc/arm-none-eabi/10.2.0/../../../../arm-none-eabi/lib/thumb\libg.a(lib_a-mktime.o)
 .rodata.__month_lengths
                0x0000000002020590       0x60 c:/devkitpro/devkitarm/bin/../lib/gcc/arm-none-eabi/10.2.0/../../../../arm-none-eabi/lib/thumb\libg.a(lib_a-month_lengths.o)
                0x0000000002020590                __month_lengths
 .rodata.basefix.0
                0x00000000020205f0       0x22 c:/devkitpro/devkitarm/bin/../lib/gcc/arm-none-eabi/10.2.0/../../../../arm-none-eabi/lib/thumb\libg.a(lib_a-svfiscanf.o)
 .rodata._svfprintf_r.str1.1
                0x0000000002020612       0x3b c:/devkitpro/devkitarm/bin/../lib/gcc/arm-none-eabi/10.2.0/../../../../arm-none-eabi/lib/thumb\libg.a(lib_a-svfprintf.o)
 *fill*         0x000000000202064d        0x3 ff
 .rodata.blanks.1
                0x0000000002020650       0x10 c:/devkitpro/devkitarm/bin/../lib/gcc/arm-none-eabi/10.2.0/../../../../arm-none-eabi/lib/thumb\libg.a(lib_a-svfprintf.o)
 .rodata.zeroes.0
                0x0000000002020660       0x10 c:/devkitpro/devkitarm/bin/../lib/gcc/arm-none-eabi/10.2.0/../../../../arm-none-eabi/lib/thumb\libg.a(lib_a-svfprintf.o)
 .rodata._tzset_unlocked_r.str1.4
                0x0000000002020670       0x53 c:/devkitpro/devkitarm/bin/../lib/gcc/arm-none-eabi/10.2.0/../../../../arm-none-eabi/lib/thumb\libg.a(lib_a-tzset_r.o)
 .rodata.str1.4
                0x00000000020206c3        0x4 c:/devkitpro/devkitarm/bin/../lib/gcc/arm-none-eabi/10.2.0/../../../../arm-none-eabi/lib/thumb\libg.a(lib_a-tzvars.o)
 .rodata._vfiprintf_r.str1.1
                0x00000000020206c3       0x29 c:/devkitpro/devkitarm/bin/../lib/gcc/arm-none-eabi/10.2.0/../../../../arm-none-eabi/lib/thumb\libg.a(lib_a-vfiprintf.o)
 *fill*         0x00000000020206c3        0x1 ff
 .rodata.blanks.1
                0x00000000020206c4       0x10 c:/devkitpro/devkitarm/bin/../lib/gcc/arm-none-eabi/10.2.0/../../../../arm-none-eabi/lib/thumb\libg.a(lib_a-vfiprintf.o)
 .rodata.zeroes.0
                0x00000000020206d4       0x10 c:/devkitpro/devkitarm/bin/../lib/gcc/arm-none-eabi/10.2.0/../../../../arm-none-eabi/lib/thumb\libg.a(lib_a-vfiprintf.o)
 .rodata._dtoa_r.str1.4
                0x00000000020206e4       0x64 c:/devkitpro/devkitarm/bin/../lib/gcc/arm-none-eabi/10.2.0/../../../../arm-none-eabi/lib/thumb\libg.a(lib_a-dtoa.o)
 .rodata.__multadd.str1.4
                0x0000000002020748       0x3d c:/devkitpro/devkitarm/bin/../lib/gcc/arm-none-eabi/10.2.0/../../../../arm-none-eabi/lib/thumb\libg.a(lib_a-mprec.o)
                                         0x51 (size before relaxing)
 *fill*         0x0000000002020785        0x3 ff
 .rodata.__mprec_bigtens
                0x0000000002020788       0x28 c:/devkitpro/devkitarm/bin/../lib/gcc/arm-none-eabi/10.2.0/../../../../arm-none-eabi/lib/thumb\libg.a(lib_a-mprec.o)
                0x0000000002020788                __mprec_bigtens
 .rodata.__mprec_tens
                0x00000000020207b0       0xc8 c:/devkitpro/devkitarm/bin/../lib/gcc/arm-none-eabi/10.2.0/../../../../arm-none-eabi/lib/thumb\libg.a(lib_a-mprec.o)
                0x00000000020207b0                __mprec_tens
 .rodata.p05.0  0x0000000002020878        0xc c:/devkitpro/devkitarm/bin/../lib/gcc/arm-none-eabi/10.2.0/../../../../arm-none-eabi/lib/thumb\libg.a(lib_a-mprec.o)
 .rodata.__action_table
                0x0000000002020884       0x6c c:/devkitpro/devkitarm/bin/../lib/gcc/arm-none-eabi/10.2.0/../../../../arm-none-eabi/lib/thumb\libg.a(lib_a-svfiprintf.o)
                0x0000000002020884                __action_table
 .rodata.__chclass
                0x00000000020208f0      0x100 c:/devkitpro/devkitarm/bin/../lib/gcc/arm-none-eabi/10.2.0/../../../../arm-none-eabi/lib/thumb\libg.a(lib_a-svfiprintf.o)
                0x00000000020208f0                __chclass
 .rodata.__state_table
                0x00000000020209f0       0x6c c:/devkitpro/devkitarm/bin/../lib/gcc/arm-none-eabi/10.2.0/../../../../arm-none-eabi/lib/thumb\libg.a(lib_a-svfiprintf.o)
                0x00000000020209f0                __state_table
 .rodata.__assert_func.str1.4